Archive member included to satisfy reference by file (symbol)

c:/workspace/tools/eclipse-embedcpp/xpack-arm-none-eabi-gcc-10.2.1-1.1/bin/../lib/gcc/arm-none-eabi/10.2.1/thumb/v7e-m+dp/hard\libgcc.a(_aeabi_uldivmod.o)
                              ./uC-OS3/uC-CPU/BSP/Template/bsp_cpu.o (__aeabi_uldivmod)
c:/workspace/tools/eclipse-embedcpp/xpack-arm-none-eabi-gcc-10.2.1-1.1/bin/../lib/gcc/arm-none-eabi/10.2.1/thumb/v7e-m+dp/hard\libgcc.a(_udivmoddi4.o)
                              c:/workspace/tools/eclipse-embedcpp/xpack-arm-none-eabi-gcc-10.2.1-1.1/bin/../lib/gcc/arm-none-eabi/10.2.1/thumb/v7e-m+dp/hard\libgcc.a(_aeabi_uldivmod.o) (__udivmoddi4)
c:/workspace/tools/eclipse-embedcpp/xpack-arm-none-eabi-gcc-10.2.1-1.1/bin/../lib/gcc/arm-none-eabi/10.2.1/thumb/v7e-m+dp/hard\libgcc.a(unwind-arm.o)
                              ./main.o (__aeabi_unwind_cpp_pr1)
c:/workspace/tools/eclipse-embedcpp/xpack-arm-none-eabi-gcc-10.2.1-1.1/bin/../lib/gcc/arm-none-eabi/10.2.1/thumb/v7e-m+dp/hard\libgcc.a(libunwind.o)
                              c:/workspace/tools/eclipse-embedcpp/xpack-arm-none-eabi-gcc-10.2.1-1.1/bin/../lib/gcc/arm-none-eabi/10.2.1/thumb/v7e-m+dp/hard\libgcc.a(unwind-arm.o) (restore_core_regs)
c:/workspace/tools/eclipse-embedcpp/xpack-arm-none-eabi-gcc-10.2.1-1.1/bin/../lib/gcc/arm-none-eabi/10.2.1/thumb/v7e-m+dp/hard\libgcc.a(pr-support.o)
                              c:/workspace/tools/eclipse-embedcpp/xpack-arm-none-eabi-gcc-10.2.1-1.1/bin/../lib/gcc/arm-none-eabi/10.2.1/thumb/v7e-m+dp/hard\libgcc.a(unwind-arm.o) (__gnu_unwind_execute)
c:/workspace/tools/eclipse-embedcpp/xpack-arm-none-eabi-gcc-10.2.1-1.1/bin/../lib/gcc/arm-none-eabi/10.2.1/thumb/v7e-m+dp/hard\libgcc.a(_dvmd_tls.o)
                              c:/workspace/tools/eclipse-embedcpp/xpack-arm-none-eabi-gcc-10.2.1-1.1/bin/../lib/gcc/arm-none-eabi/10.2.1/thumb/v7e-m+dp/hard\libgcc.a(_aeabi_uldivmod.o) (__aeabi_ldiv0)
c:/workspace/tools/eclipse-embedcpp/xpack-arm-none-eabi-gcc-10.2.1-1.1/bin/../lib/gcc/arm-none-eabi/10.2.1/../../../../arm-none-eabi/lib/thumb/v7e-m+dp/hard\libg.a(lib_a-abort.o)
                              c:/workspace/tools/eclipse-embedcpp/xpack-arm-none-eabi-gcc-10.2.1-1.1/bin/../lib/gcc/arm-none-eabi/10.2.1/thumb/v7e-m+dp/hard\libgcc.a(unwind-arm.o) (abort)
c:/workspace/tools/eclipse-embedcpp/xpack-arm-none-eabi-gcc-10.2.1-1.1/bin/../lib/gcc/arm-none-eabi/10.2.1/../../../../arm-none-eabi/lib/thumb/v7e-m+dp/hard\libg.a(lib_a-exit.o)
                              c:/workspace/tools/eclipse-embedcpp/xpack-arm-none-eabi-gcc-10.2.1-1.1/bin/../lib/gcc/arm-none-eabi/10.2.1/../../../../arm-none-eabi/lib/thumb/v7e-m+dp/hard/crt0.o (exit)
c:/workspace/tools/eclipse-embedcpp/xpack-arm-none-eabi-gcc-10.2.1-1.1/bin/../lib/gcc/arm-none-eabi/10.2.1/../../../../arm-none-eabi/lib/thumb/v7e-m+dp/hard\libg.a(lib_a-impure.o)
                              c:/workspace/tools/eclipse-embedcpp/xpack-arm-none-eabi-gcc-10.2.1-1.1/bin/../lib/gcc/arm-none-eabi/10.2.1/../../../../arm-none-eabi/lib/thumb/v7e-m+dp/hard\libg.a(lib_a-exit.o) (_global_impure_ptr)
c:/workspace/tools/eclipse-embedcpp/xpack-arm-none-eabi-gcc-10.2.1-1.1/bin/../lib/gcc/arm-none-eabi/10.2.1/../../../../arm-none-eabi/lib/thumb/v7e-m+dp/hard\libg.a(lib_a-init.o)
                              c:/workspace/tools/eclipse-embedcpp/xpack-arm-none-eabi-gcc-10.2.1-1.1/bin/../lib/gcc/arm-none-eabi/10.2.1/../../../../arm-none-eabi/lib/thumb/v7e-m+dp/hard/crt0.o (__libc_init_array)
c:/workspace/tools/eclipse-embedcpp/xpack-arm-none-eabi-gcc-10.2.1-1.1/bin/../lib/gcc/arm-none-eabi/10.2.1/../../../../arm-none-eabi/lib/thumb/v7e-m+dp/hard\libg.a(lib_a-memcpy.o)
                              ./hpl/usbhs/hpl_usbhs.o (memcpy)
c:/workspace/tools/eclipse-embedcpp/xpack-arm-none-eabi-gcc-10.2.1-1.1/bin/../lib/gcc/arm-none-eabi/10.2.1/../../../../arm-none-eabi/lib/thumb/v7e-m+dp/hard\libg.a(lib_a-memset.o)
                              c:/workspace/tools/eclipse-embedcpp/xpack-arm-none-eabi-gcc-10.2.1-1.1/bin/../lib/gcc/arm-none-eabi/10.2.1/../../../../arm-none-eabi/lib/thumb/v7e-m+dp/hard/crt0.o (memset)
c:/workspace/tools/eclipse-embedcpp/xpack-arm-none-eabi-gcc-10.2.1-1.1/bin/../lib/gcc/arm-none-eabi/10.2.1/../../../../arm-none-eabi/lib/thumb/v7e-m+dp/hard\libg.a(lib_a-printf.o)
                              ./hal/utils/src/utils_syscalls.o (printf)
c:/workspace/tools/eclipse-embedcpp/xpack-arm-none-eabi-gcc-10.2.1-1.1/bin/../lib/gcc/arm-none-eabi/10.2.1/../../../../arm-none-eabi/lib/thumb/v7e-m+dp/hard\libg.a(lib_a-puts.o)
                              ./common/stdio_start.o (puts)
c:/workspace/tools/eclipse-embedcpp/xpack-arm-none-eabi-gcc-10.2.1-1.1/bin/../lib/gcc/arm-none-eabi/10.2.1/../../../../arm-none-eabi/lib/thumb/v7e-m+dp/hard\libg.a(lib_a-setbuf.o)
                              ./stdio_redirect/stdio_io.o (setbuf)
[...]
Memory Configuration

Name             Origin             Length             Attributes
rom              0x0000000000400000 0x0000000000200000 xr
ram              0x0000000020400000 0x0000000000060000 xrw
*default*        0x0000000000000000 0xffffffffffffffff

Linker script and memory map

LOAD c:/workspace/tools/eclipse-embedcpp/xpack-arm-none-eabi-gcc-10.2.1-1.1/bin/../lib/gcc/arm-none-eabi/10.2.1/thumb/v7e-m+dp/hard/crti.o
LOAD c:/workspace/tools/eclipse-embedcpp/xpack-arm-none-eabi-gcc-10.2.1-1.1/bin/../lib/gcc/arm-none-eabi/10.2.1/thumb/v7e-m+dp/hard/crtbegin.o
LOAD c:/workspace/tools/eclipse-embedcpp/xpack-arm-none-eabi-gcc-10.2.1-1.1/bin/../lib/gcc/arm-none-eabi/10.2.1/../../../../arm-none-eabi/lib/thumb/v7e-m+dp/hard/crt0.o
LOAD C:\workspace\application\samv71\Afan SAME70 RTOS\Afan SAME70 BSP\CMSIS\Core\Lib\GCC/libarm_cortexM7lfdp_math.a
LOAD ./usb/device/usbdc.o
LOAD ./usb/class/msc/device/mscdf.o
LOAD ./usb/class/hid/device/hiddf_generic.o
LOAD ./usb/class/hid/device/hiddf_keyboard.o
LOAD ./usb/class/hid/device/hiddf_mouse.o
LOAD ./usb/class/cdc/device/cdcdf_acm.o
LOAD ./usb/usb_protocol.o
LOAD ./uC-OS3/uCOS-III/TLS/NewLib/os_tls.o
LOAD ./uC-OS3/uCOS-III/Source/os_cfg_app.o
LOAD ./uC-OS3/uCOS-III/Source/os_core.o
LOAD ./uC-OS3/uCOS-III/Source/os_dbg.o
LOAD ./uC-OS3/uCOS-III/Source/os_flag.o
LOAD ./uC-OS3/uCOS-III/Source/os_mem.o
LOAD ./uC-OS3/uCOS-III/Source/os_msg.o
LOAD ./uC-OS3/uCOS-III/Source/os_mutex.o
LOAD ./uC-OS3/uCOS-III/Source/os_prio.o
LOAD ./uC-OS3/uCOS-III/Source/os_q.o
LOAD ./uC-OS3/uCOS-III/Source/os_sem.o
LOAD ./uC-OS3/uCOS-III/Source/os_stat.o
LOAD ./uC-OS3/uCOS-III/Source/os_task.o
LOAD ./uC-OS3/uCOS-III/Source/os_tick.o
LOAD ./uC-OS3/uCOS-III/Source/os_time.o
LOAD ./uC-OS3/uCOS-III/Source/os_tmr.o
LOAD ./uC-OS3/uCOS-III/Source/os_var.o
LOAD ./uC-OS3/uCOS-III/Ports/ARM-Cortex-M/ARMv7-M/GNU/os_cpu_a.o
LOAD ./uC-OS3/uCOS-III/Ports/ARM-Cortex-M/ARMv7-M/os_cpu_c.o
LOAD ./uC-OS3/uCOS-III/Cfg/Template/os_app_hooks.o
LOAD ./uC-OS3/uC-LIB/Ports/ARM-Cortex-M7/GNU/lib_mem_a.o
LOAD ./uC-OS3/uC-LIB/lib_ascii.o
LOAD ./uC-OS3/uC-LIB/lib_math.o
LOAD ./uC-OS3/uC-LIB/lib_mem.o
LOAD ./uC-OS3/uC-LIB/lib_str.o
LOAD ./uC-OS3/uC-CPU/BSP/Template/bsp_cpu.o
LOAD ./uC-OS3/uC-CPU/ARM-Cortex-M/ARMv7-M/GNU/cpu_a.o
LOAD ./uC-OS3/uC-CPU/ARM-Cortex-M/ARMv7-M/cpu_c.o
LOAD ./uC-OS3/uC-CPU/cpu_core.o
LOAD ./stdio_redirect/gcc/read.o
LOAD ./stdio_redirect/gcc/write.o
LOAD ./stdio_redirect/stdio_io.o
LOAD ./port/rtos.o
LOAD ./hpl/xdmac/hpl_xdmac.o
LOAD ./hpl/wdt/hpl_wdt.o
LOAD ./hpl/usbhs/hpl_usbhs.o
LOAD ./hpl/usart/hpl_usart.o
LOAD ./hpl/twihs/hpl_twihs.o
LOAD ./hpl/tc/hpl_tc.o
LOAD ./hpl/spi/hpl_spi.o
LOAD ./hpl/rtc/hpl_rtc.o
LOAD ./hpl/pwm/hpl_pwm.o
LOAD ./hpl/pmc/hpl_pmc.o
LOAD ./hpl/pmc/hpl_sleep.o
LOAD ./hpl/pio/hpl_pio_ext.o
LOAD ./hpl/mcan/hpl_mcan.o
LOAD ./hpl/gmac/hpl_gmac.o
LOAD ./hpl/efc/hpl_efc.o
LOAD ./hpl/core/hpl_core_m7_base.o
LOAD ./hpl/core/hpl_init.o
LOAD ./hpl/afec/hpl_afec.o
LOAD ./hal/utils/src/utils_assert.o
LOAD ./hal/utils/src/utils_event.o
LOAD ./hal/utils/src/utils_list.o
LOAD ./hal/utils/src/utils_ringbuffer.o
LOAD ./hal/utils/src/utils_syscalls.o
LOAD ./hal/src/hal_adc_sync.o
LOAD ./hal/src/hal_atomic.o
LOAD ./hal/src/hal_calendar.o
LOAD ./hal/src/hal_can_async.o
LOAD ./hal/src/hal_delay.o
LOAD ./hal/src/hal_ext_irq.o
LOAD ./hal/src/hal_flash.o
LOAD ./hal/src/hal_gpio.o
LOAD ./hal/src/hal_i2c_m_sync.o
LOAD ./hal/src/hal_init.o
LOAD ./hal/src/hal_io.o
LOAD ./hal/src/hal_mac_async.o
LOAD ./hal/src/hal_pwm.o
LOAD ./hal/src/hal_sleep.o
LOAD ./hal/src/hal_spi_m_sync.o
LOAD ./hal/src/hal_usart_sync.o
LOAD ./hal/src/hal_usb_device.o
LOAD ./hal/src/hal_wdt.o
LOAD ./ethernet_phy/ethernet_phy.o
LOAD ./common/atmel_start.o
LOAD ./common/driver_init.o
LOAD ./common/stdio_start.o
LOAD ./Device_Startup/startup_same70q21b.o
LOAD ./main.o
LOAD ./rtos_start.o
LOAD c:/workspace/tools/eclipse-embedcpp/xpack-arm-none-eabi-gcc-10.2.1-1.1/bin/../lib/gcc/arm-none-eabi/10.2.1/../../../../arm-none-eabi/lib/thumb/v7e-m+dp/hard\libstdc++.a
LOAD c:/workspace/tools/eclipse-embedcpp/xpack-arm-none-eabi-gcc-10.2.1-1.1/bin/../lib/gcc/arm-none-eabi/10.2.1/../../../../arm-none-eabi/lib/thumb/v7e-m+dp/hard\libm.a
START GROUP
LOAD c:/workspace/tools/eclipse-embedcpp/xpack-arm-none-eabi-gcc-10.2.1-1.1/bin/../lib/gcc/arm-none-eabi/10.2.1/thumb/v7e-m+dp/hard\libgcc.a
LOAD c:/workspace/tools/eclipse-embedcpp/xpack-arm-none-eabi-gcc-10.2.1-1.1/bin/../lib/gcc/arm-none-eabi/10.2.1/../../../../arm-none-eabi/lib/thumb/v7e-m+dp/hard\libg.a
LOAD c:/workspace/tools/eclipse-embedcpp/xpack-arm-none-eabi-gcc-10.2.1-1.1/bin/../lib/gcc/arm-none-eabi/10.2.1/../../../../arm-none-eabi/lib/thumb/v7e-m+dp/hard\libc.a
END GROUP
LOAD c:/workspace/tools/eclipse-embedcpp/xpack-arm-none-eabi-gcc-10.2.1-1.1/bin/../lib/gcc/arm-none-eabi/10.2.1/thumb/v7e-m+dp/hard/crtend.o
LOAD c:/workspace/tools/eclipse-embedcpp/xpack-arm-none-eabi-gcc-10.2.1-1.1/bin/../lib/gcc/arm-none-eabi/10.2.1/thumb/v7e-m+dp/hard/crtn.o
                0x0000000000001000                STACK_SIZE = DEFINED (STACK_SIZE)?STACK_SIZE:DEFINED (__stack_size__)?__stack_size__:0x1000
                0x0000000000000800                HEAP_SIZE = DEFINED (HEAP_SIZE)?HEAP_SIZE:DEFINED (__heap_size__)?__heap_size__:0x800

.text           0x0000000000400000     0xb5f8
                0x0000000000400000                . = ALIGN (0x4)
                0x0000000000400000                _sfixed = .
 *(.vectors .vectors.*)
 .vectors       0x0000000000400000      0x168 ./Device_Startup/startup_same70q21b.o
                0x0000000000400000                exception_table
 *(.text .text.* .gnu.linkonce.t.*)
 .text.__do_global_dtors_aux
                0x0000000000400168       0x24 c:/workspace/tools/eclipse-embedcpp/xpack-arm-none-eabi-gcc-10.2.1-1.1/bin/../lib/gcc/arm-none-eabi/10.2.1/thumb/v7e-m+dp/hard/crtbegin.o
 .text.frame_dummy
                0x000000000040018c       0x1c c:/workspace/tools/eclipse-embedcpp/xpack-arm-none-eabi-gcc-10.2.1-1.1/bin/../lib/gcc/arm-none-eabi/10.2.1/thumb/v7e-m+dp/hard/crtbegin.o
 .text.OSCfg_Init
                0x00000000004001a8        0x2 ./uC-OS3/uCOS-III/Source/os_cfg_app.o
                0x00000000004001a8                OSCfg_Init
 *fill*         0x00000000004001aa        0x2 
 .text.OS_IdleTask
                0x00000000004001ac       0x2c ./uC-OS3/uCOS-III/Source/os_core.o
                0x00000000004001ac                OS_IdleTask
 .text.OSIntEnter
                0x00000000004001d8       0x20 ./uC-OS3/uCOS-III/Source/os_core.o
                0x00000000004001d8                OSIntEnter
 .text.OSIntExit
                0x00000000004001f8       0x9c ./uC-OS3/uCOS-III/Source/os_core.o
                0x00000000004001f8                OSIntExit
 .text.OSSched  0x0000000000400294       0x84 ./uC-OS3/uCOS-III/Source/os_core.o
                0x0000000000400294                OSSched
 .text.OSStart  0x0000000000400318       0x80 ./uC-OS3/uCOS-III/Source/os_core.o
                0x0000000000400318                OSStart
 .text.OS_IdleTaskInit
                0x0000000000400398       0x4c ./uC-OS3/uCOS-III/Source/os_core.o
                0x0000000000400398                OS_IdleTaskInit
 .text.OS_PendListInit
                0x00000000004003e4        0x8 ./uC-OS3/uCOS-III/Source/os_core.o
                0x00000000004003e4                OS_PendListInit
 .text.OS_PendListInsertPrio
                0x00000000004003ec       0x4c ./uC-OS3/uCOS-III/Source/os_core.o
                0x00000000004003ec                OS_PendListInsertPrio
 .text.OS_PendListRemove
                0x0000000000400438       0x36 ./uC-OS3/uCOS-III/Source/os_core.o
                0x0000000000400438                OS_PendListRemove
 .text.OS_PendListChangePrio
                0x000000000040046e       0x1c ./uC-OS3/uCOS-III/Source/os_core.o
                0x000000000040046e                OS_PendListChangePrio
 *fill*         0x000000000040048a        0x2 
 .text.OS_RdyListInit
                0x000000000040048c       0x18 ./uC-OS3/uCOS-III/Source/os_core.o
                0x000000000040048c                OS_RdyListInit
 .text.OSInit   0x00000000004004a4      0x134 ./uC-OS3/uCOS-III/Source/os_core.o
                0x00000000004004a4                OSInit
 .text.OS_RdyListInsertHead
                0x00000000004005d8       0x38 ./uC-OS3/uCOS-III/Source/os_core.o
                0x00000000004005d8                OS_RdyListInsertHead
 .text.OS_RdyListInsertTail
                0x0000000000400610       0x38 ./uC-OS3/uCOS-III/Source/os_core.o
                0x0000000000400610                OS_RdyListInsertTail
 .text.OS_RdyListInsert
                0x0000000000400648       0x2c ./uC-OS3/uCOS-III/Source/os_core.o
                0x0000000000400648                OS_RdyListInsert
 .text.OS_Post  0x0000000000400674       0x7e ./uC-OS3/uCOS-III/Source/os_core.o
                0x0000000000400674                OS_Post
 .text.OS_RdyListMoveHeadToTail
                0x00000000004006f2       0x36 ./uC-OS3/uCOS-III/Source/os_core.o
                0x00000000004006f2                OS_RdyListMoveHeadToTail
 .text.OS_RdyListRemove
                0x0000000000400728       0x50 ./uC-OS3/uCOS-III/Source/os_core.o
                0x0000000000400728                OS_RdyListRemove
 .text.OS_SchedRoundRobin
                0x0000000000400778       0xa8 ./uC-OS3/uCOS-III/Source/os_core.o
                0x0000000000400778                OS_SchedRoundRobin
 .text.OS_TaskBlock
                0x0000000000400820       0x2c ./uC-OS3/uCOS-III/Source/os_core.o
                0x0000000000400820                OS_TaskBlock
 .text.OS_Pend  0x000000000040084c       0x2c ./uC-OS3/uCOS-III/Source/os_core.o
                0x000000000040084c                OS_Pend
 .text.OS_MemInit
                0x0000000000400878        0x6 ./uC-OS3/uCOS-III/Source/os_mem.o
                0x0000000000400878                OS_MemInit
 *fill*         0x000000000040087e        0x2 
 .text.OS_MsgPoolInit
                0x0000000000400880       0x7c ./uC-OS3/uCOS-III/Source/os_msg.o
                0x0000000000400880                OS_MsgPoolInit
 .text.OS_MsgQFreeAll
                0x00000000004008fc       0x40 ./uC-OS3/uCOS-III/Source/os_msg.o
                0x00000000004008fc                OS_MsgQFreeAll
 .text.OS_MsgQInit
                0x000000000040093c        0xc ./uC-OS3/uCOS-III/Source/os_msg.o
                0x000000000040093c                OS_MsgQInit
 .text.OSMutexCreate
                0x0000000000400948       0x6c ./uC-OS3/uCOS-III/Source/os_mutex.o
                0x0000000000400948                OSMutexCreate
 .text.OSMutexPend
                0x00000000004009b4      0x1a0 ./uC-OS3/uCOS-III/Source/os_mutex.o
                0x00000000004009b4                OSMutexPend
 .text.OS_MutexGrpAdd
                0x0000000000400b54        0x8 ./uC-OS3/uCOS-III/Source/os_mutex.o
                0x0000000000400b54                OS_MutexGrpAdd
 .text.OS_MutexGrpRemove
                0x0000000000400b5c       0x1c ./uC-OS3/uCOS-III/Source/os_mutex.o
                0x0000000000400b5c                OS_MutexGrpRemove
 .text.OS_MutexGrpPrioFindHighest
                0x0000000000400b78       0x24 ./uC-OS3/uCOS-III/Source/os_mutex.o
                0x0000000000400b78                OS_MutexGrpPrioFindHighest
 .text.OS_MutexGrpPostAll
                0x0000000000400b9c       0x4c ./uC-OS3/uCOS-III/Source/os_mutex.o
                0x0000000000400b9c                OS_MutexGrpPostAll
 .text.OS_PrioInit
                0x0000000000400be8       0x10 ./uC-OS3/uCOS-III/Source/os_prio.o
                0x0000000000400be8                OS_PrioInit
 .text.OS_PrioGetHighest
                0x0000000000400bf8       0x20 ./uC-OS3/uCOS-III/Source/os_prio.o
                0x0000000000400bf8                OS_PrioGetHighest
 .text.OS_PrioInsert
                0x0000000000400c18       0x30 ./uC-OS3/uCOS-III/Source/os_prio.o
                0x0000000000400c18                OS_PrioInsert
 .text.OS_PrioRemove
                0x0000000000400c48       0x34 ./uC-OS3/uCOS-III/Source/os_prio.o
                0x0000000000400c48                OS_PrioRemove
 .text.OSStatReset
                0x0000000000400c7c       0x28 ./uC-OS3/uCOS-III/Source/os_stat.o
                0x0000000000400c7c                OSStatReset
 .text.OS_StatTask
                0x0000000000400ca4      0x17c ./uC-OS3/uCOS-III/Source/os_stat.o
                0x0000000000400ca4                OS_StatTask
 .text.OS_StatTaskInit
                0x0000000000400e20       0xb4 ./uC-OS3/uCOS-III/Source/os_stat.o
                0x0000000000400e20                OS_StatTaskInit
 .text.OS_TaskInit
                0x0000000000400ed4       0x18 ./uC-OS3/uCOS-III/Source/os_task.o
                0x0000000000400ed4                OS_TaskInit
 .text.OS_TaskInitTCB
                0x0000000000400eec       0x90 ./uC-OS3/uCOS-III/Source/os_task.o
                0x0000000000400eec                OS_TaskInitTCB
 .text.OSTaskCreate
                0x0000000000400f7c      0x19c ./uC-OS3/uCOS-III/Source/os_task.o
                0x0000000000400f7c                OSTaskCreate
 .text.OS_TaskChangePrio
                0x0000000000401118       0xb0 ./uC-OS3/uCOS-III/Source/os_task.o
                0x0000000000401118                OS_TaskChangePrio
 .text.OSTaskDel
                0x00000000004011c8      0x16c ./uC-OS3/uCOS-III/Source/os_task.o
                0x00000000004011c8                OSTaskDel
 .text.OS_TaskReturn
                0x0000000000401334       0x20 ./uC-OS3/uCOS-III/Source/os_task.o
                0x0000000000401334                OS_TaskReturn
 .text.OS_TickInit
                0x0000000000401354       0x18 ./uC-OS3/uCOS-III/Source/os_tick.o
                0x0000000000401354                OS_TickInit
 .text.OS_TickUpdate
                0x000000000040136c      0x130 ./uC-OS3/uCOS-III/Source/os_tick.o
                0x000000000040136c                OS_TickUpdate
 .text.OS_TickListInsert
                0x000000000040149c       0x9c ./uC-OS3/uCOS-III/Source/os_tick.o
                0x000000000040149c                OS_TickListInsert
 .text.OS_TickListInsertDly
                0x0000000000401538       0x6c ./uC-OS3/uCOS-III/Source/os_tick.o
                0x0000000000401538                OS_TickListInsertDly
 .text.OS_TickListRemove
                0x00000000004015a4       0x48 ./uC-OS3/uCOS-III/Source/os_tick.o
                0x00000000004015a4                OS_TickListRemove
 .text.OSTimeDly
                0x00000000004015ec       0xa0 ./uC-OS3/uCOS-III/Source/os_time.o
                0x00000000004015ec                OSTimeDly
 .text.OSTimeSet
                0x000000000040168c       0x2c ./uC-OS3/uCOS-III/Source/os_time.o
                0x000000000040168c                OSTimeSet
 .text.OSTimeTick
                0x00000000004016b8       0x34 ./uC-OS3/uCOS-III/Source/os_time.o
                0x00000000004016b8                OSTimeTick
 .text.OS_TmrLock
                0x00000000004016ec       0x20 ./uC-OS3/uCOS-III/Source/os_tmr.o
 .text.OS_TmrCondSignal
                0x000000000040170c       0x48 ./uC-OS3/uCOS-III/Source/os_tmr.o
 .text.OS_TmrInit
                0x0000000000401754       0xe4 ./uC-OS3/uCOS-III/Source/os_tmr.o
                0x0000000000401754                OS_TmrInit
 .text.OS_TmrLink
                0x0000000000401838       0x8c ./uC-OS3/uCOS-III/Source/os_tmr.o
                0x0000000000401838                OS_TmrLink
 .text.OS_TmrUnlink
                0x00000000004018c4       0x88 ./uC-OS3/uCOS-III/Source/os_tmr.o
                0x00000000004018c4                OS_TmrUnlink
 .text.OS_TmrTask
                0x000000000040194c      0x1c0 ./uC-OS3/uCOS-III/Source/os_tmr.o
                0x000000000040194c                OS_TmrTask
 .text          0x0000000000401b0c      0x11c ./uC-OS3/uCOS-III/Ports/ARM-Cortex-M/ARMv7-M/GNU/os_cpu_a.o
                0x0000000000401b0c                OS_CPU_FP_Reg_Push
                0x0000000000401b1e                OS_CPU_FP_Reg_Pop
                0x0000000000401b2a                OSStartHighRdy
                0x0000000000401ba4                OSIntCtxSw
                0x0000000000401ba4                OSCtxSw
                0x0000000000401bae                OS_CPU_PendSVHandler
 .text.OSIdleTaskHook
                0x0000000000401c28       0x10 ./uC-OS3/uCOS-III/Ports/ARM-Cortex-M/ARMv7-M/os_cpu_c.o
                0x0000000000401c28                OSIdleTaskHook
 .text.OSInitHook
                0x0000000000401c38       0x40 ./uC-OS3/uCOS-III/Ports/ARM-Cortex-M/ARMv7-M/os_cpu_c.o
                0x0000000000401c38                OSInitHook
 .text.OSStatTaskHook
                0x0000000000401c78       0x10 ./uC-OS3/uCOS-III/Ports/ARM-Cortex-M/ARMv7-M/os_cpu_c.o
                0x0000000000401c78                OSStatTaskHook
 .text.OSTaskCreateHook
                0x0000000000401c88       0x10 ./uC-OS3/uCOS-III/Ports/ARM-Cortex-M/ARMv7-M/os_cpu_c.o
                0x0000000000401c88                OSTaskCreateHook
 .text.OSTaskDelHook
                0x0000000000401c98       0x10 ./uC-OS3/uCOS-III/Ports/ARM-Cortex-M/ARMv7-M/os_cpu_c.o
                0x0000000000401c98                OSTaskDelHook
 .text.OSTaskReturnHook
                0x0000000000401ca8       0x10 ./uC-OS3/uCOS-III/Ports/ARM-Cortex-M/ARMv7-M/os_cpu_c.o
                0x0000000000401ca8                OSTaskReturnHook
 .text.OSTaskStkInit
                0x0000000000401cb8      0x19c ./uC-OS3/uCOS-III/Ports/ARM-Cortex-M/ARMv7-M/os_cpu_c.o
                0x0000000000401cb8                OSTaskStkInit
 .text.OSTaskSwHook
                0x0000000000401e54       0x68 ./uC-OS3/uCOS-III/Ports/ARM-Cortex-M/ARMv7-M/os_cpu_c.o
                0x0000000000401e54                OSTaskSwHook
 .text.OSTimeTickHook
                0x0000000000401ebc       0x10 ./uC-OS3/uCOS-III/Ports/ARM-Cortex-M/ARMv7-M/os_cpu_c.o
                0x0000000000401ebc                OSTimeTickHook
 .text.OS_CPU_SysTickHandler
                0x0000000000401ecc       0x26 ./uC-OS3/uCOS-III/Ports/ARM-Cortex-M/ARMv7-M/os_cpu_c.o
                0x0000000000401ecc                OS_CPU_SysTickHandler
 .text.OS_CPU_SysTickInit
                0x0000000000401ef2       0x2a ./uC-OS3/uCOS-III/Ports/ARM-Cortex-M/ARMv7-M/os_cpu_c.o
                0x0000000000401ef2                OS_CPU_SysTickInit
 .text.OS_CPU_SysTickInitFreq
                0x0000000000401f1c       0x14 ./uC-OS3/uCOS-III/Ports/ARM-Cortex-M/ARMv7-M/os_cpu_c.o
                0x0000000000401f1c                OS_CPU_SysTickInitFreq
 .text.Math_RandSetSeed
                0x0000000000401f30       0x24 ./uC-OS3/uC-LIB/lib_math.o
                0x0000000000401f30                Math_RandSetSeed
 .text.Math_Init
                0x0000000000401f54        0xa ./uC-OS3/uC-LIB/lib_math.o
                0x0000000000401f54                Math_Init
 *fill*         0x0000000000401f5e        0x2 
 .text.Mem_SegCreate
                0x0000000000401f60       0x44 ./uC-OS3/uC-LIB/lib_mem.o
                0x0000000000401f60                Mem_SegCreate
 .text.Mem_Init
                0x0000000000401fa4       0x4c ./uC-OS3/uC-LIB/lib_mem.o
                0x0000000000401fa4                Mem_Init
 .text.CPU_TS_TmrInit
                0x0000000000401ff0       0x4c ./uC-OS3/uC-CPU/BSP/Template/bsp_cpu.o
                0x0000000000401ff0                CPU_TS_TmrInit
 .text.CPU_TS_TmrRd
                0x000000000040203c        0xc ./uC-OS3/uC-CPU/BSP/Template/bsp_cpu.o
                0x000000000040203c                CPU_TS_TmrRd
 .text          0x0000000000402048       0x54 ./uC-OS3/uC-CPU/ARM-Cortex-M/ARMv7-M/GNU/cpu_a.o
                0x0000000000402048                CPU_IntDis
                0x000000000040204c                CPU_IntEn
                0x0000000000402050                CPU_SR_Save
                0x000000000040206c                CPU_SR_Restore
                0x000000000040207e                CPU_WaitForInt
                0x0000000000402082                CPU_WaitForExcept
                0x0000000000402086                CPU_CntLeadZeros
                0x000000000040208c                CPU_CntTrailZeros
                0x0000000000402096                CPU_RevBits
 .text.CPU_SW_Exception
                0x000000000040209c        0x2 ./uC-OS3/uC-CPU/cpu_core.o
                0x000000000040209c                CPU_SW_Exception
 *fill*         0x000000000040209e        0x2 
 .text.CPU_TS_TmrFreqSet
                0x00000000004020a0        0xc ./uC-OS3/uC-CPU/cpu_core.o
                0x00000000004020a0                CPU_TS_TmrFreqSet
 .text.CPU_IntDisMeasMaxCurGet
                0x00000000004020ac       0x28 ./uC-OS3/uC-CPU/cpu_core.o
                0x00000000004020ac                CPU_IntDisMeasMaxCurGet
 .text.CPU_IntDisMeasMaxCurReset
                0x00000000004020d4       0x20 ./uC-OS3/uC-CPU/cpu_core.o
                0x00000000004020d4                CPU_IntDisMeasMaxCurReset
 .text.CPU_IntDisMeasStart
                0x00000000004020f4       0x30 ./uC-OS3/uC-CPU/cpu_core.o
                0x00000000004020f4                CPU_IntDisMeasStart
 .text.CPU_IntDisMeasStop
                0x0000000000402124       0x4c ./uC-OS3/uC-CPU/cpu_core.o
                0x0000000000402124                CPU_IntDisMeasStop
 .text.CPU_Init
                0x0000000000402170       0x74 ./uC-OS3/uC-CPU/cpu_core.o
                0x0000000000402170                CPU_Init
 .text._read    0x00000000004021e4       0x18 ./stdio_redirect/gcc/read.o
                0x00000000004021e4                _read
 .text._write   0x00000000004021fc       0x1c ./stdio_redirect/gcc/write.o
                0x00000000004021fc                _write
 .text.stdio_io_init
                0x0000000000402218       0x28 ./stdio_redirect/stdio_io.o
                0x0000000000402218                stdio_io_init
 .text.stdio_io_read
                0x0000000000402240       0x1c ./stdio_redirect/stdio_io.o
                0x0000000000402240                stdio_io_read
 .text.stdio_io_write
                0x000000000040225c       0x1c ./stdio_redirect/stdio_io.o
                0x000000000040225c                stdio_io_write
 .text._dma_init
                0x0000000000402278       0x68 ./hpl/xdmac/hpl_xdmac.o
                0x0000000000402278                _dma_init
 .text.XDMAC_Handler
                0x00000000004022e0       0x88 ./hpl/xdmac/hpl_xdmac.o
                0x00000000004022e0                XDMAC_Handler
 .text._usb_d_dev_handle_setup
                0x0000000000402368       0x70 ./hpl/usbhs/hpl_usbhs.o
 .text._usb_d_dev_trans_done
                0x00000000004023d8       0x2c ./hpl/usbhs/hpl_usbhs.o
 .text._usb_d_dev_reset_epts
                0x0000000000402404       0x4c ./hpl/usbhs/hpl_usbhs.o
 .text._usb_d_dev_dma_next
                0x0000000000402450       0xe0 ./hpl/usbhs/hpl_usbhs.o
 .text._usb_d_dev_trans_stop
                0x0000000000402530       0x3c ./hpl/usbhs/hpl_usbhs.o
 .text.USBHS_Handler
                0x000000000040256c      0x3f4 ./hpl/usbhs/hpl_usbhs.o
                0x000000000040256c                USBHS_Handler
 .text._get_usart_index
                0x0000000000402960        0x4 ./hpl/usart/hpl_usart.o
 .text._usart_sync_init
                0x0000000000402964       0x4c ./hpl/usart/hpl_usart.o
                0x0000000000402964                _usart_sync_init
 .text._usart_sync_enable
                0x00000000004029b0        0x8 ./hpl/usart/hpl_usart.o
                0x00000000004029b0                _usart_sync_enable
 .text._usart_sync_write_byte
                0x00000000004029b8        0x6 ./hpl/usart/hpl_usart.o
                0x00000000004029b8                _usart_sync_write_byte
 .text._usart_sync_read_byte
                0x00000000004029be        0x8 ./hpl/usart/hpl_usart.o
                0x00000000004029be                _usart_sync_read_byte
 .text._usart_sync_is_ready_to_send
                0x00000000004029c6        0xa ./hpl/usart/hpl_usart.o
                0x00000000004029c6                _usart_sync_is_ready_to_send
 .text._usart_sync_is_transmit_done
                0x00000000004029d0        0xa ./hpl/usart/hpl_usart.o
                0x00000000004029d0                _usart_sync_is_transmit_done
 .text._usart_sync_is_byte_received
                0x00000000004029da        0xa ./hpl/usart/hpl_usart.o
                0x00000000004029da                _usart_sync_is_byte_received
 .text._usart_get_usart_sync
                0x00000000004029e4        0x4 ./hpl/usart/hpl_usart.o
                0x00000000004029e4                _usart_get_usart_sync
 .text._i2c_m_sync_init
                0x00000000004029e8       0x30 ./hpl/twihs/hpl_twihs.o
                0x00000000004029e8                _i2c_m_sync_init
 .text._i2c_m_sync_transfer
                0x0000000000402a18      0x168 ./hpl/twihs/hpl_twihs.o
                0x0000000000402a18                _i2c_m_sync_transfer
 .text.tc_pwm_interrupt_handler
                0x0000000000402b80       0x34 ./hpl/tc/hpl_tc.o
 .text.TC0_Handler
                0x0000000000402bb4       0x10 ./hpl/tc/hpl_tc.o
                0x0000000000402bb4                TC0_Handler
 .text.TC3_Handler
                0x0000000000402bc4       0x10 ./hpl/tc/hpl_tc.o
                0x0000000000402bc4                TC3_Handler
 .text.TC6_Handler
                0x0000000000402bd4       0x10 ./hpl/tc/hpl_tc.o
                0x0000000000402bd4                TC6_Handler
 .text.TC9_Handler
                0x0000000000402be4       0x10 ./hpl/tc/hpl_tc.o
                0x0000000000402be4                TC9_Handler
 .text._spi_m_sync_init
                0x0000000000402bf4       0x4c ./hpl/spi/hpl_spi.o
                0x0000000000402bf4                _spi_m_sync_init
 .text._spi_m_sync_trans
                0x0000000000402c40       0x92 ./hpl/spi/hpl_spi.o
                0x0000000000402c40                _spi_m_sync_trans
 .text._spi_get_spi_m_sync
                0x0000000000402cd2        0x4 ./hpl/spi/hpl_spi.o
                0x0000000000402cd2                _spi_get_spi_m_sync
 *fill*         0x0000000000402cd6        0x2 
 .text.RTC_Handler
                0x0000000000402cd8       0x4c ./hpl/rtc/hpl_rtc.o
                0x0000000000402cd8                RTC_Handler
 .text._pwm_interrupt_handler
                0x0000000000402d24       0x10 ./hpl/pwm/hpl_pwm.o
 .text.PWM0_Handler
                0x0000000000402d34       0x10 ./hpl/pwm/hpl_pwm.o
                0x0000000000402d34                PWM0_Handler
 .text.PWM1_Handler
                0x0000000000402d44       0x10 ./hpl/pwm/hpl_pwm.o
                0x0000000000402d44                PWM1_Handler
 .text._pmc_init
                0x0000000000402d54       0xf4 ./hpl/pmc/hpl_pmc.o
                0x0000000000402d54                _pmc_init
 .text._ffs     0x0000000000402e48       0x44 ./hpl/pio/hpl_pio_ext.o
 .text.PIOC_Handler
                0x0000000000402e8c       0x7c ./hpl/pio/hpl_pio_ext.o
                0x0000000000402e8c                PIOC_Handler
 .text._can_irq_handler
                0x0000000000402f08       0x88 ./hpl/mcan/hpl_mcan.o
 .text._can_async_init
                0x0000000000402f90      0x1dc ./hpl/mcan/hpl_mcan.o
                0x0000000000402f90                _can_async_init
 .text.MCAN0_INT0_Handler
                0x000000000040316c       0x10 ./hpl/mcan/hpl_mcan.o
                0x000000000040316c                MCAN0_INT0_Handler
 .text.MCAN1_INT0_Handler
                0x000000000040317c       0x10 ./hpl/mcan/hpl_mcan.o
                0x000000000040317c                MCAN1_INT0_Handler
 .text._mac_async_init
                0x000000000040318c      0x110 ./hpl/gmac/hpl_gmac.o
                0x000000000040318c                _mac_async_init
 .text.GMAC_Handler
                0x000000000040329c       0x80 ./hpl/gmac/hpl_gmac.o
                0x000000000040329c                GMAC_Handler
 .text.EFC_Handler
                0x000000000040331c       0x1c ./hpl/efc/hpl_efc.o
                0x000000000040331c                EFC_Handler
 .text._init_chip
                0x0000000000403338       0x64 ./hpl/core/hpl_init.o
                0x0000000000403338                _init_chip
 .text._sbrk    0x000000000040339c       0x24 ./hal/utils/src/utils_syscalls.o
                0x000000000040339c                _sbrk
 .text._close   0x00000000004033c0        0x6 ./hal/utils/src/utils_syscalls.o
                0x00000000004033c0                _close
 .text._fstat   0x00000000004033c6        0xa ./hal/utils/src/utils_syscalls.o
                0x00000000004033c6                _fstat
 .text._isatty  0x00000000004033d0        0x4 ./hal/utils/src/utils_syscalls.o
                0x00000000004033d0                _isatty
 .text._lseek   0x00000000004033d4        0x4 ./hal/utils/src/utils_syscalls.o
                0x00000000004033d4                _lseek
 .text._exit    0x00000000004033d8       0x10 ./hal/utils/src/utils_syscalls.o
                0x00000000004033d8                _exit
 .text._kill    0x00000000004033e8        0x2 ./hal/utils/src/utils_syscalls.o
                0x00000000004033e8                _kill
 .text._getpid  0x00000000004033ea        0x6 ./hal/utils/src/utils_syscalls.o
                0x00000000004033ea                _getpid
 .text.atomic_enter_critical
                0x00000000004033f0        0xe ./hal/src/hal_atomic.o
                0x00000000004033f0                atomic_enter_critical
 .text.atomic_leave_critical
                0x00000000004033fe        0xc ./hal/src/hal_atomic.o
                0x00000000004033fe                atomic_leave_critical
 .text.can_tx_done
                0x000000000040340a        0xa ./hal/src/hal_can_async.o
 .text.can_rx_done
                0x0000000000403414        0xa ./hal/src/hal_can_async.o
 .text.can_irq_handler
                0x000000000040341e        0xa ./hal/src/hal_can_async.o
 .text.can_async_init
                0x0000000000403428       0x24 ./hal/src/hal_can_async.o
                0x0000000000403428                can_async_init
 .text.i2c_m_sync_write
                0x000000000040344c       0x2a ./hal/src/hal_i2c_m_sync.o
 .text.i2c_m_sync_read
                0x0000000000403476       0x2a ./hal/src/hal_i2c_m_sync.o
 .text.i2c_m_sync_init
                0x00000000004034a0       0x1c ./hal/src/hal_i2c_m_sync.o
                0x00000000004034a0                i2c_m_sync_init
 .text.io_write
                0x00000000004034bc        0x8 ./hal/src/hal_io.o
                0x00000000004034bc                io_write
 .text.io_read  0x00000000004034c4        0x8 ./hal/src/hal_io.o
                0x00000000004034c4                io_read
 .text.mac_async_init
                0x00000000004034cc        0x8 ./hal/src/hal_mac_async.o
                0x00000000004034cc                mac_async_init
 .text.spi_m_sync_set_func_ptr
                0x00000000004034d4        0x4 ./hal/src/hal_spi_m_sync.o
                0x00000000004034d4                spi_m_sync_set_func_ptr
 .text.spi_m_sync_init
                0x00000000004034d8       0x2c ./hal/src/hal_spi_m_sync.o
                0x00000000004034d8                spi_m_sync_init
 .text.spi_m_sync_transfer
                0x0000000000403504       0x1e ./hal/src/hal_spi_m_sync.o
                0x0000000000403504                spi_m_sync_transfer
 .text._spi_m_sync_io_write
                0x0000000000403522       0x1a ./hal/src/hal_spi_m_sync.o
 .text._spi_m_sync_io_read
                0x000000000040353c       0x1a ./hal/src/hal_spi_m_sync.o
 .text.usart_sync_write
                0x0000000000403556       0x48 ./hal/src/hal_usart_sync.o
 .text.usart_sync_read
                0x000000000040359e       0x32 ./hal/src/hal_usart_sync.o
 .text.usart_sync_init
                0x00000000004035d0       0x20 ./hal/src/hal_usart_sync.o
                0x00000000004035d0                usart_sync_init
 .text.usart_sync_enable
                0x00000000004035f0        0xc ./hal/src/hal_usart_sync.o
                0x00000000004035f0                usart_sync_enable
 .text.atmel_start_init
                0x00000000004035fc        0xc ./common/atmel_start.o
                0x00000000004035fc                atmel_start_init
 .text.SPI_0_PORT_init
                0x0000000000403608       0x4c ./common/driver_init.o
                0x0000000000403608                SPI_0_PORT_init
 .text.SPI_0_CLOCK_init
                0x0000000000403654       0x18 ./common/driver_init.o
                0x0000000000403654                SPI_0_CLOCK_init
 .text.SPI_0_init
                0x000000000040366c       0x2c ./common/driver_init.o
                0x000000000040366c                SPI_0_init
 .text.I2C_AT24MAC_PORT_init
                0x0000000000403698       0x30 ./common/driver_init.o
                0x0000000000403698                I2C_AT24MAC_PORT_init
 .text.I2C_AT24MAC_CLOCK_init
                0x00000000004036c8       0x18 ./common/driver_init.o
                0x00000000004036c8                I2C_AT24MAC_CLOCK_init
 .text.I2C_AT24MAC_init
                0x00000000004036e0       0x1c ./common/driver_init.o
                0x00000000004036e0                I2C_AT24MAC_init
 .text.TARGET_IO_PORT_init
                0x00000000004036fc       0x4c ./common/driver_init.o
                0x00000000004036fc                TARGET_IO_PORT_init
 .text.TARGET_IO_CLOCK_init
                0x0000000000403748       0x18 ./common/driver_init.o
                0x0000000000403748                TARGET_IO_CLOCK_init
 .text.TARGET_IO_init
                0x0000000000403760       0x24 ./common/driver_init.o
                0x0000000000403760                TARGET_IO_init
 .text.MACIF_PORT_init
                0x0000000000403784       0xd4 ./common/driver_init.o
                0x0000000000403784                MACIF_PORT_init
 .text.MACIF_CLOCK_init
                0x0000000000403858       0x1c ./common/driver_init.o
                0x0000000000403858                MACIF_CLOCK_init
 .text.MACIF_init
                0x0000000000403874       0x1c ./common/driver_init.o
                0x0000000000403874                MACIF_init
 .text.CAN_Node0_CLOCK_init
                0x0000000000403890       0x1c ./common/driver_init.o
                0x0000000000403890                CAN_Node0_CLOCK_init
 .text.CAN_Node0_PORT_init
                0x00000000004038ac       0x30 ./common/driver_init.o
                0x00000000004038ac                CAN_Node0_PORT_init
 .text.CAN_Node0_init
                0x00000000004038dc       0x1c ./common/driver_init.o
                0x00000000004038dc                CAN_Node0_init
 .text.CAN_Node1_CLOCK_init
                0x00000000004038f8       0x1c ./common/driver_init.o
                0x00000000004038f8                CAN_Node1_CLOCK_init
 .text.CAN_Node1_PORT_init
                0x0000000000403914       0x34 ./common/driver_init.o
                0x0000000000403914                CAN_Node1_PORT_init
 .text.CAN_Node1_init
                0x0000000000403948       0x1c ./common/driver_init.o
                0x0000000000403948                CAN_Node1_init
 .text.system_init
                0x0000000000403964       0x68 ./common/driver_init.o
                0x0000000000403964                system_init
 .text.stdio_redirect_init
                0x00000000004039cc       0x18 ./common/stdio_start.o
                0x00000000004039cc                stdio_redirect_init
 .text.Dummy_Handler
                0x00000000004039e4        0x2 ./Device_Startup/startup_same70q21b.o
                0x00000000004039e4                DACC_Handler
                0x00000000004039e4                SVCall_Handler
                0x00000000004039e4                UART3_Handler
                0x00000000004039e4                UART2_Handler
                0x00000000004039e4                TRNG_Handler
                0x00000000004039e4                HardFault_Handler
                0x00000000004039e4                TC2_Handler
                0x00000000004039e4                AFEC1_Handler
                0x00000000004039e4                TC7_Handler
                0x00000000004039e4                QSPI_Handler
                0x00000000004039e4                NonMaskableInt_Handler
                0x00000000004039e4                ISI_Handler
                0x00000000004039e4                RSWDT_Handler
                0x00000000004039e4                USART0_Handler
                0x00000000004039e4                RTT_Handler
                0x00000000004039e4                IXC_Handler
                0x00000000004039e4                CCF_Handler
                0x00000000004039e4                PIOB_Handler
                0x00000000004039e4                UsageFault_Handler
                0x00000000004039e4                WDT_Handler
                0x00000000004039e4                MCAN1_INT1_Handler
                0x00000000004039e4                TC4_Handler
                0x00000000004039e4                TC1_Handler
                0x00000000004039e4                HSMCI_Handler
                0x00000000004039e4                UART1_Handler
                0x00000000004039e4                Dummy_Handler
                0x00000000004039e4                TWIHS1_Handler
                0x00000000004039e4                UART4_Handler
                0x00000000004039e4                USART1_Handler
                0x00000000004039e4                PIOA_Handler
                0x00000000004039e4                AFEC0_Handler
                0x00000000004039e4                CCW_Handler
                0x00000000004039e4                SSC_Handler
                0x00000000004039e4                TC11_Handler
                0x00000000004039e4                ACC_Handler
                0x00000000004039e4                PMC_Handler
                0x00000000004039e4                MCAN0_INT1_Handler
                0x00000000004039e4                GMAC_Q5_Handler
                0x00000000004039e4                SUPC_Handler
                0x00000000004039e4                TC8_Handler
                0x00000000004039e4                GMAC_Q1_Handler
                0x00000000004039e4                USART2_Handler
                0x00000000004039e4                SDRAMC_Handler
                0x00000000004039e4                GMAC_Q2_Handler
                0x00000000004039e4                PIOE_Handler
                0x00000000004039e4                SPI1_Handler
                0x00000000004039e4                TC10_Handler
                0x00000000004039e4                GMAC_Q3_Handler
                0x00000000004039e4                PIOD_Handler
                0x00000000004039e4                TWIHS2_Handler
                0x00000000004039e4                I2SC0_Handler
                0x00000000004039e4                UART0_Handler
                0x00000000004039e4                I2SC1_Handler
                0x00000000004039e4                GMAC_Q4_Handler
                0x00000000004039e4                FPU_Handler
                0x00000000004039e4                BusFault_Handler
                0x00000000004039e4                RSTC_Handler
                0x00000000004039e4                MemoryManagement_Handler
                0x00000000004039e4                DebugMonitor_Handler
                0x00000000004039e4                TC5_Handler
                0x00000000004039e4                ICM_Handler
                0x00000000004039e4                AES_Handler
                0x00000000004039e4                TWIHS0_Handler
                0x00000000004039e4                SPI0_Handler
 *fill*         0x00000000004039e6        0x2 
 .text.Reset_Handler
                0x00000000004039e8       0x80 ./Device_Startup/startup_same70q21b.o
                0x00000000004039e8                Reset_Handler
 .text.main     0x0000000000403a68       0x50 ./main.o
                0x0000000000403a68                main
 .text.led_thread_entry
                0x0000000000403ab8       0x28 ./rtos_start.o
 .text.uCos3_V308X_start
                0x0000000000403ae0       0x98 ./rtos_start.o
                0x0000000000403ae0                uCos3_V308X_start
 .text          0x0000000000403b78       0x30 c:/workspace/tools/eclipse-embedcpp/xpack-arm-none-eabi-gcc-10.2.1-1.1/bin/../lib/gcc/arm-none-eabi/10.2.1/thumb/v7e-m+dp/hard\libgcc.a(_aeabi_uldivmod.o)
                0x0000000000403b78                __aeabi_uldivmod
 .text.__udivmoddi4
                0x0000000000403ba8      0x2d0 c:/workspace/tools/eclipse-embedcpp/xpack-arm-none-eabi-gcc-10.2.1-1.1/bin/../lib/gcc/arm-none-eabi/10.2.1/thumb/v7e-m+dp/hard\libgcc.a(_udivmoddi4.o)
                0x0000000000403ba8                __udivmoddi4
 .text.selfrel_offset31
                0x0000000000403e78       0x14 c:/workspace/tools/eclipse-embedcpp/xpack-arm-none-eabi-gcc-10.2.1-1.1/bin/../lib/gcc/arm-none-eabi/10.2.1/thumb/v7e-m+dp/hard\libgcc.a(unwind-arm.o)
 .text.search_EIT_table
                0x0000000000403e8c       0x5c c:/workspace/tools/eclipse-embedcpp/xpack-arm-none-eabi-gcc-10.2.1-1.1/bin/../lib/gcc/arm-none-eabi/10.2.1/thumb/v7e-m+dp/hard\libgcc.a(unwind-arm.o)
 .text.__gnu_unwind_get_pr_addr
                0x0000000000403ee8       0x28 c:/workspace/tools/eclipse-embedcpp/xpack-arm-none-eabi-gcc-10.2.1-1.1/bin/../lib/gcc/arm-none-eabi/10.2.1/thumb/v7e-m+dp/hard\libgcc.a(unwind-arm.o)
 .text.get_eit_entry
                0x0000000000403f10       0x9c c:/workspace/tools/eclipse-embedcpp/xpack-arm-none-eabi-gcc-10.2.1-1.1/bin/../lib/gcc/arm-none-eabi/10.2.1/thumb/v7e-m+dp/hard\libgcc.a(unwind-arm.o)
 .text.restore_non_core_regs
                0x0000000000403fac       0x58 c:/workspace/tools/eclipse-embedcpp/xpack-arm-none-eabi-gcc-10.2.1-1.1/bin/../lib/gcc/arm-none-eabi/10.2.1/thumb/v7e-m+dp/hard\libgcc.a(unwind-arm.o)
 .text._Unwind_decode_typeinfo_ptr.constprop.0
                0x0000000000404004        0xc c:/workspace/tools/eclipse-embedcpp/xpack-arm-none-eabi-gcc-10.2.1-1.1/bin/../lib/gcc/arm-none-eabi/10.2.1/thumb/v7e-m+dp/hard\libgcc.a(unwind-arm.o)
 .text._Unwind_DebugHook
                0x0000000000404010        0x4 c:/workspace/tools/eclipse-embedcpp/xpack-arm-none-eabi-gcc-10.2.1-1.1/bin/../lib/gcc/arm-none-eabi/10.2.1/thumb/v7e-m+dp/hard\libgcc.a(unwind-arm.o)
 .text.unwind_phase2
                0x0000000000404014       0x3c c:/workspace/tools/eclipse-embedcpp/xpack-arm-none-eabi-gcc-10.2.1-1.1/bin/../lib/gcc/arm-none-eabi/10.2.1/thumb/v7e-m+dp/hard\libgcc.a(unwind-arm.o)
 .text.unwind_phase2_forced
                0x0000000000404050       0xcc c:/workspace/tools/eclipse-embedcpp/xpack-arm-none-eabi-gcc-10.2.1-1.1/bin/../lib/gcc/arm-none-eabi/10.2.1/thumb/v7e-m+dp/hard\libgcc.a(unwind-arm.o)
 .text.__gnu_Unwind_RaiseException
                0x000000000040411c       0x68 c:/workspace/tools/eclipse-embedcpp/xpack-arm-none-eabi-gcc-10.2.1-1.1/bin/../lib/gcc/arm-none-eabi/10.2.1/thumb/v7e-m+dp/hard\libgcc.a(unwind-arm.o)
                0x000000000040411c                __gnu_Unwind_RaiseException
 .text.__gnu_Unwind_ForcedUnwind
                0x0000000000404184       0x10 c:/workspace/tools/eclipse-embedcpp/xpack-arm-none-eabi-gcc-10.2.1-1.1/bin/../lib/gcc/arm-none-eabi/10.2.1/thumb/v7e-m+dp/hard\libgcc.a(unwind-arm.o)
                0x0000000000404184                __gnu_Unwind_ForcedUnwind
 .text.__gnu_Unwind_Resume
                0x0000000000404194       0x44 c:/workspace/tools/eclipse-embedcpp/xpack-arm-none-eabi-gcc-10.2.1-1.1/bin/../lib/gcc/arm-none-eabi/10.2.1/thumb/v7e-m+dp/hard\libgcc.a(unwind-arm.o)
                0x0000000000404194                __gnu_Unwind_Resume
 .text.__gnu_Unwind_Resume_or_Rethrow
                0x00000000004041d8       0x14 c:/workspace/tools/eclipse-embedcpp/xpack-arm-none-eabi-gcc-10.2.1-1.1/bin/../lib/gcc/arm-none-eabi/10.2.1/thumb/v7e-m+dp/hard\libgcc.a(unwind-arm.o)
                0x00000000004041d8                __gnu_Unwind_Resume_or_Rethrow
 .text._Unwind_VRS_Get
                0x00000000004041ec       0x30 c:/workspace/tools/eclipse-embedcpp/xpack-arm-none-eabi-gcc-10.2.1-1.1/bin/../lib/gcc/arm-none-eabi/10.2.1/thumb/v7e-m+dp/hard\libgcc.a(unwind-arm.o)
                0x00000000004041ec                _Unwind_VRS_Get
 .text._Unwind_GetGR
                0x000000000040421c       0x1c c:/workspace/tools/eclipse-embedcpp/xpack-arm-none-eabi-gcc-10.2.1-1.1/bin/../lib/gcc/arm-none-eabi/10.2.1/thumb/v7e-m+dp/hard\libgcc.a(unwind-arm.o)
 .text._Unwind_VRS_Set
                0x0000000000404238       0x30 c:/workspace/tools/eclipse-embedcpp/xpack-arm-none-eabi-gcc-10.2.1-1.1/bin/../lib/gcc/arm-none-eabi/10.2.1/thumb/v7e-m+dp/hard\libgcc.a(unwind-arm.o)
                0x0000000000404238                _Unwind_VRS_Set
 .text._Unwind_SetGR
                0x0000000000404268       0x18 c:/workspace/tools/eclipse-embedcpp/xpack-arm-none-eabi-gcc-10.2.1-1.1/bin/../lib/gcc/arm-none-eabi/10.2.1/thumb/v7e-m+dp/hard\libgcc.a(unwind-arm.o)
 .text.__gnu_Unwind_Backtrace
                0x0000000000404280       0x84 c:/workspace/tools/eclipse-embedcpp/xpack-arm-none-eabi-gcc-10.2.1-1.1/bin/../lib/gcc/arm-none-eabi/10.2.1/thumb/v7e-m+dp/hard\libgcc.a(unwind-arm.o)
                0x0000000000404280                __gnu_Unwind_Backtrace
 .text.__gnu_unwind_pr_common
                0x0000000000404304      0x2a8 c:/workspace/tools/eclipse-embedcpp/xpack-arm-none-eabi-gcc-10.2.1-1.1/bin/../lib/gcc/arm-none-eabi/10.2.1/thumb/v7e-m+dp/hard\libgcc.a(unwind-arm.o)
 .text.__aeabi_unwind_cpp_pr0
                0x00000000004045ac        0x8 c:/workspace/tools/eclipse-embedcpp/xpack-arm-none-eabi-gcc-10.2.1-1.1/bin/../lib/gcc/arm-none-eabi/10.2.1/thumb/v7e-m+dp/hard\libgcc.a(unwind-arm.o)
                0x00000000004045ac                __aeabi_unwind_cpp_pr0
 .text.__aeabi_unwind_cpp_pr1
                0x00000000004045b4        0x8 c:/workspace/tools/eclipse-embedcpp/xpack-arm-none-eabi-gcc-10.2.1-1.1/bin/../lib/gcc/arm-none-eabi/10.2.1/thumb/v7e-m+dp/hard\libgcc.a(unwind-arm.o)
                0x00000000004045b4                __aeabi_unwind_cpp_pr1
 .text.__aeabi_unwind_cpp_pr2
                0x00000000004045bc        0x8 c:/workspace/tools/eclipse-embedcpp/xpack-arm-none-eabi-gcc-10.2.1-1.1/bin/../lib/gcc/arm-none-eabi/10.2.1/thumb/v7e-m+dp/hard\libgcc.a(unwind-arm.o)
                0x00000000004045bc                __aeabi_unwind_cpp_pr2
 .text._Unwind_VRS_Pop
                0x00000000004045c4      0x284 c:/workspace/tools/eclipse-embedcpp/xpack-arm-none-eabi-gcc-10.2.1-1.1/bin/../lib/gcc/arm-none-eabi/10.2.1/thumb/v7e-m+dp/hard\libgcc.a(unwind-arm.o)
                0x00000000004045c4                _Unwind_VRS_Pop
 .text          0x0000000000404848      0x1ac c:/workspace/tools/eclipse-embedcpp/xpack-arm-none-eabi-gcc-10.2.1-1.1/bin/../lib/gcc/arm-none-eabi/10.2.1/thumb/v7e-m+dp/hard\libgcc.a(libunwind.o)
                0x0000000000404848                __restore_core_regs
                0x0000000000404848                restore_core_regs
                0x0000000000404860                __gnu_Unwind_Restore_VFP
                0x0000000000404868                __gnu_Unwind_Save_VFP
                0x0000000000404870                __gnu_Unwind_Restore_VFP_D
                0x0000000000404878                __gnu_Unwind_Save_VFP_D
                0x0000000000404880                __gnu_Unwind_Restore_VFP_D_16_to_31
                0x0000000000404888                __gnu_Unwind_Save_VFP_D_16_to_31
                0x0000000000404890                __gnu_Unwind_Restore_WMMXD
                0x00000000004048d4                __gnu_Unwind_Save_WMMXD
                0x0000000000404918                __gnu_Unwind_Restore_WMMXC
                0x000000000040492c                __gnu_Unwind_Save_WMMXC
                0x0000000000404940                ___Unwind_RaiseException
                0x0000000000404940                _Unwind_RaiseException
                0x0000000000404964                _Unwind_Resume
                0x0000000000404964                ___Unwind_Resume
                0x0000000000404988                _Unwind_Resume_or_Rethrow
                0x0000000000404988                ___Unwind_Resume_or_Rethrow
                0x00000000004049ac                _Unwind_ForcedUnwind
                0x00000000004049ac                ___Unwind_ForcedUnwind
                0x00000000004049d0                ___Unwind_Backtrace
                0x00000000004049d0                _Unwind_Backtrace
 .text.next_unwind_byte
                0x00000000004049f4       0x38 c:/workspace/tools/eclipse-embedcpp/xpack-arm-none-eabi-gcc-10.2.1-1.1/bin/../lib/gcc/arm-none-eabi/10.2.1/thumb/v7e-m+dp/hard\libgcc.a(pr-support.o)
 .text.__gnu_unwind_execute
                0x0000000000404a2c      0x2ac c:/workspace/tools/eclipse-embedcpp/xpack-arm-none-eabi-gcc-10.2.1-1.1/bin/../lib/gcc/arm-none-eabi/10.2.1/thumb/v7e-m+dp/hard\libgcc.a(pr-support.o)
                0x0000000000404a2c                __gnu_unwind_execute
 .text          0x0000000000404cd8        0x4 c:/workspace/tools/eclipse-embedcpp/xpack-arm-none-eabi-gcc-10.2.1-1.1/bin/../lib/gcc/arm-none-eabi/10.2.1/thumb/v7e-m+dp/hard\libgcc.a(_dvmd_tls.o)
                0x0000000000404cd8                __aeabi_idiv0
                0x0000000000404cd8                __aeabi_ldiv0
 .text.abort    0x0000000000404cdc       0x10 c:/workspace/tools/eclipse-embedcpp/xpack-arm-none-eabi-gcc-10.2.1-1.1/bin/../lib/gcc/arm-none-eabi/10.2.1/../../../../arm-none-eabi/lib/thumb/v7e-m+dp/hard\libg.a(lib_a-abort.o)
                0x0000000000404cdc                abort
 .text.__libc_init_array
                0x0000000000404cec       0x48 c:/workspace/tools/eclipse-embedcpp/xpack-arm-none-eabi-gcc-10.2.1-1.1/bin/../lib/gcc/arm-none-eabi/10.2.1/../../../../arm-none-eabi/lib/thumb/v7e-m+dp/hard\libg.a(lib_a-init.o)
                0x0000000000404cec                __libc_init_array
 .text          0x0000000000404d34      0x134 c:/workspace/tools/eclipse-embedcpp/xpack-arm-none-eabi-gcc-10.2.1-1.1/bin/../lib/gcc/arm-none-eabi/10.2.1/../../../../arm-none-eabi/lib/thumb/v7e-m+dp/hard\libg.a(lib_a-memcpy.o)
                0x0000000000404d34                memcpy
 .text.memset   0x0000000000404e68       0xa4 c:/workspace/tools/eclipse-embedcpp/xpack-arm-none-eabi-gcc-10.2.1-1.1/bin/../lib/gcc/arm-none-eabi/10.2.1/../../../../arm-none-eabi/lib/thumb/v7e-m+dp/hard\libg.a(lib_a-memset.o)
                0x0000000000404e68                memset
 .text.printf   0x0000000000404f0c       0x28 c:/workspace/tools/eclipse-embedcpp/xpack-arm-none-eabi-gcc-10.2.1-1.1/bin/../lib/gcc/arm-none-eabi/10.2.1/../../../../arm-none-eabi/lib/thumb/v7e-m+dp/hard\libg.a(lib_a-printf.o)
                0x0000000000404f0c                printf
 .text._puts_r  0x0000000000404f34       0x9c c:/workspace/tools/eclipse-embedcpp/xpack-arm-none-eabi-gcc-10.2.1-1.1/bin/../lib/gcc/arm-none-eabi/10.2.1/../../../../arm-none-eabi/lib/thumb/v7e-m+dp/hard\libg.a(lib_a-puts.o)
                0x0000000000404f34                _puts_r
 .text.puts     0x0000000000404fd0       0x10 c:/workspace/tools/eclipse-embedcpp/xpack-arm-none-eabi-gcc-10.2.1-1.1/bin/../lib/gcc/arm-none-eabi/10.2.1/../../../../arm-none-eabi/lib/thumb/v7e-m+dp/hard\libg.a(lib_a-puts.o)
                0x0000000000404fd0                puts
 .text.setbuf   0x0000000000404fe0       0x10 c:/workspace/tools/eclipse-embedcpp/xpack-arm-none-eabi-gcc-10.2.1-1.1/bin/../lib/gcc/arm-none-eabi/10.2.1/../../../../arm-none-eabi/lib/thumb/v7e-m+dp/hard\libg.a(lib_a-setbuf.o)
                0x0000000000404fe0                setbuf
 .text.setvbuf  0x0000000000404ff0      0x1b0 c:/workspace/tools/eclipse-embedcpp/xpack-arm-none-eabi-gcc-10.2.1-1.1/bin/../lib/gcc/arm-none-eabi/10.2.1/../../../../arm-none-eabi/lib/thumb/v7e-m+dp/hard\libg.a(lib_a-setvbuf.o)
                0x0000000000404ff0                setvbuf
 .text.raise    0x00000000004051a0       0x5c c:/workspace/tools/eclipse-embedcpp/xpack-arm-none-eabi-gcc-10.2.1-1.1/bin/../lib/gcc/arm-none-eabi/10.2.1/../../../../arm-none-eabi/lib/thumb/v7e-m+dp/hard\libg.a(lib_a-signal.o)
                0x00000000004051a0                raise
 .text._kill_r  0x00000000004051fc       0x2c c:/workspace/tools/eclipse-embedcpp/xpack-arm-none-eabi-gcc-10.2.1-1.1/bin/../lib/gcc/arm-none-eabi/10.2.1/../../../../arm-none-eabi/lib/thumb/v7e-m+dp/hard\libg.a(lib_a-signalr.o)
                0x00000000004051fc                _kill_r
 .text._getpid_r
                0x0000000000405228        0x4 c:/workspace/tools/eclipse-embedcpp/xpack-arm-none-eabi-gcc-10.2.1-1.1/bin/../lib/gcc/arm-none-eabi/10.2.1/../../../../arm-none-eabi/lib/thumb/v7e-m+dp/hard\libg.a(lib_a-signalr.o)
                0x0000000000405228                _getpid_r
 *fill*         0x000000000040522c       0x14 
 .text          0x0000000000405240       0xdc c:/workspace/tools/eclipse-embedcpp/xpack-arm-none-eabi-gcc-10.2.1-1.1/bin/../lib/gcc/arm-none-eabi/10.2.1/../../../../arm-none-eabi/lib/thumb/v7e-m+dp/hard\libg.a(lib_a-strlen.o)
                0x0000000000405240                strlen
 *fill*         0x000000000040531c        0x4 
 .text._vfprintf_r
                0x0000000000405320     0x1aa0 c:/workspace/tools/eclipse-embedcpp/xpack-arm-none-eabi-gcc-10.2.1-1.1/bin/../lib/gcc/arm-none-eabi/10.2.1/../../../../arm-none-eabi/lib/thumb/v7e-m+dp/hard\libg.a(lib_a-vfprintf.o)
                0x0000000000405320                _vfprintf_r
 .text.__sbprintf
                0x0000000000406dc0       0x80 c:/workspace/tools/eclipse-embedcpp/xpack-arm-none-eabi-gcc-10.2.1-1.1/bin/../lib/gcc/arm-none-eabi/10.2.1/../../../../arm-none-eabi/lib/thumb/v7e-m+dp/hard\libg.a(lib_a-vfprintf.o)
 .text.__swsetup_r
                0x0000000000406e40       0xd4 c:/workspace/tools/eclipse-embedcpp/xpack-arm-none-eabi-gcc-10.2.1-1.1/bin/../lib/gcc/arm-none-eabi/10.2.1/../../../../arm-none-eabi/lib/thumb/v7e-m+dp/hard\libg.a(lib_a-wsetup.o)
                0x0000000000406e40                __swsetup_r
 .text.startup.register_fini
                0x0000000000406f14       0x14 c:/workspace/tools/eclipse-embedcpp/xpack-arm-none-eabi-gcc-10.2.1-1.1/bin/../lib/gcc/arm-none-eabi/10.2.1/../../../../arm-none-eabi/lib/thumb/v7e-m+dp/hard\libg.a(lib_a-__call_atexit.o)
 .text.quorem   0x0000000000406f28      0x128 c:/workspace/tools/eclipse-embedcpp/xpack-arm-none-eabi-gcc-10.2.1-1.1/bin/../lib/gcc/arm-none-eabi/10.2.1/../../../../arm-none-eabi/lib/thumb/v7e-m+dp/hard\libg.a(lib_a-dtoa.o)
 .text._dtoa_r  0x0000000000407050      0xcd8 c:/workspace/tools/eclipse-embedcpp/xpack-arm-none-eabi-gcc-10.2.1-1.1/bin/../lib/gcc/arm-none-eabi/10.2.1/../../../../arm-none-eabi/lib/thumb/v7e-m+dp/hard\libg.a(lib_a-dtoa.o)
                0x0000000000407050                _dtoa_r
 .text.__sflush_r
                0x0000000000407d28      0x130 c:/workspace/tools/eclipse-embedcpp/xpack-arm-none-eabi-gcc-10.2.1-1.1/bin/../lib/gcc/arm-none-eabi/10.2.1/../../../../arm-none-eabi/lib/thumb/v7e-m+dp/hard\libg.a(lib_a-fflush.o)
                0x0000000000407d28                __sflush_r
 .text._fflush_r
                0x0000000000407e58       0x5c c:/workspace/tools/eclipse-embedcpp/xpack-arm-none-eabi-gcc-10.2.1-1.1/bin/../lib/gcc/arm-none-eabi/10.2.1/../../../../arm-none-eabi/lib/thumb/v7e-m+dp/hard\libg.a(lib_a-fflush.o)
                0x0000000000407e58                _fflush_r
 .text._cleanup_r
                0x0000000000407eb4        0xc c:/workspace/tools/eclipse-embedcpp/xpack-arm-none-eabi-gcc-10.2.1-1.1/bin/../lib/gcc/arm-none-eabi/10.2.1/../../../../arm-none-eabi/lib/thumb/v7e-m+dp/hard\libg.a(lib_a-findfp.o)
                0x0000000000407eb4                _cleanup_r
 .text.__sinit  0x0000000000407ec0      0x10c c:/workspace/tools/eclipse-embedcpp/xpack-arm-none-eabi-gcc-10.2.1-1.1/bin/../lib/gcc/arm-none-eabi/10.2.1/../../../../arm-none-eabi/lib/thumb/v7e-m+dp/hard\libg.a(lib_a-findfp.o)
                0x0000000000407ec0                __sinit
 .text.__sfp_lock_acquire
                0x0000000000407fcc        0xc c:/workspace/tools/eclipse-embedcpp/xpack-arm-none-eabi-gcc-10.2.1-1.1/bin/../lib/gcc/arm-none-eabi/10.2.1/../../../../arm-none-eabi/lib/thumb/v7e-m+dp/hard\libg.a(lib_a-findfp.o)
                0x0000000000407fcc                __sfp_lock_acquire
 .text.__sfp_lock_release
                0x0000000000407fd8        0xc c:/workspace/tools/eclipse-embedcpp/xpack-arm-none-eabi-gcc-10.2.1-1.1/bin/../lib/gcc/arm-none-eabi/10.2.1/../../../../arm-none-eabi/lib/thumb/v7e-m+dp/hard\libg.a(lib_a-findfp.o)
                0x0000000000407fd8                __sfp_lock_release
 .text.__libc_fini_array
                0x0000000000407fe4       0x2c c:/workspace/tools/eclipse-embedcpp/xpack-arm-none-eabi-gcc-10.2.1-1.1/bin/../lib/gcc/arm-none-eabi/10.2.1/../../../../arm-none-eabi/lib/thumb/v7e-m+dp/hard\libg.a(lib_a-fini.o)
                0x0000000000407fe4                __libc_fini_array
 .text._malloc_trim_r
                0x0000000000408010       0xa0 c:/workspace/tools/eclipse-embedcpp/xpack-arm-none-eabi-gcc-10.2.1-1.1/bin/../lib/gcc/arm-none-eabi/10.2.1/../../../../arm-none-eabi/lib/thumb/v7e-m+dp/hard\libg.a(lib_a-freer.o)
                0x0000000000408010                _malloc_trim_r
 .text._free_r  0x00000000004080b0      0x20c c:/workspace/tools/eclipse-embedcpp/xpack-arm-none-eabi-gcc-10.2.1-1.1/bin/../lib/gcc/arm-none-eabi/10.2.1/../../../../arm-none-eabi/lib/thumb/v7e-m+dp/hard\libg.a(lib_a-freer.o)
                0x00000000004080b0                _free_r
 .text.__sfvwrite_r
                0x00000000004082bc      0x2f0 c:/workspace/tools/eclipse-embedcpp/xpack-arm-none-eabi-gcc-10.2.1-1.1/bin/../lib/gcc/arm-none-eabi/10.2.1/../../../../arm-none-eabi/lib/thumb/v7e-m+dp/hard\libg.a(lib_a-fvwrite.o)
                0x00000000004082bc                __sfvwrite_r
 .text._fwalk_reent
                0x00000000004085ac       0x48 c:/workspace/tools/eclipse-embedcpp/xpack-arm-none-eabi-gcc-10.2.1-1.1/bin/../lib/gcc/arm-none-eabi/10.2.1/../../../../arm-none-eabi/lib/thumb/v7e-m+dp/hard\libg.a(lib_a-fwalk.o)
                0x00000000004085ac                _fwalk_reent
 .text._localeconv_r
                0x00000000004085f4        0x8 c:/workspace/tools/eclipse-embedcpp/xpack-arm-none-eabi-gcc-10.2.1-1.1/bin/../lib/gcc/arm-none-eabi/10.2.1/../../../../arm-none-eabi/lib/thumb/v7e-m+dp/hard\libg.a(lib_a-localeconv.o)
                0x00000000004085f4                _localeconv_r
 .text.__locale_mb_cur_max
                0x00000000004085fc        0xc c:/workspace/tools/eclipse-embedcpp/xpack-arm-none-eabi-gcc-10.2.1-1.1/bin/../lib/gcc/arm-none-eabi/10.2.1/../../../../arm-none-eabi/lib/thumb/v7e-m+dp/hard\libg.a(lib_a-locale.o)
                0x00000000004085fc                __locale_mb_cur_max
 .text.__retarget_lock_init_recursive
                0x0000000000408608        0x4 c:/workspace/tools/eclipse-embedcpp/xpack-arm-none-eabi-gcc-10.2.1-1.1/bin/../lib/gcc/arm-none-eabi/10.2.1/../../../../arm-none-eabi/lib/thumb/v7e-m+dp/hard\libg.a(lib_a-lock.o)
                0x0000000000408608                __retarget_lock_init_recursive
 .text.__retarget_lock_close_recursive
                0x000000000040860c        0x4 c:/workspace/tools/eclipse-embedcpp/xpack-arm-none-eabi-gcc-10.2.1-1.1/bin/../lib/gcc/arm-none-eabi/10.2.1/../../../../arm-none-eabi/lib/thumb/v7e-m+dp/hard\libg.a(lib_a-lock.o)
                0x000000000040860c                __retarget_lock_close_recursive
 .text.__retarget_lock_acquire_recursive
                0x0000000000408610        0x4 c:/workspace/tools/eclipse-embedcpp/xpack-arm-none-eabi-gcc-10.2.1-1.1/bin/../lib/gcc/arm-none-eabi/10.2.1/../../../../arm-none-eabi/lib/thumb/v7e-m+dp/hard\libg.a(lib_a-lock.o)
                0x0000000000408610                __retarget_lock_acquire_recursive
 .text.__retarget_lock_release_recursive
                0x0000000000408614        0x4 c:/workspace/tools/eclipse-embedcpp/xpack-arm-none-eabi-gcc-10.2.1-1.1/bin/../lib/gcc/arm-none-eabi/10.2.1/../../../../arm-none-eabi/lib/thumb/v7e-m+dp/hard\libg.a(lib_a-lock.o)
                0x0000000000408614                __retarget_lock_release_recursive
 .text.__smakebuf_r
                0x0000000000408618       0xe0 c:/workspace/tools/eclipse-embedcpp/xpack-arm-none-eabi-gcc-10.2.1-1.1/bin/../lib/gcc/arm-none-eabi/10.2.1/../../../../arm-none-eabi/lib/thumb/v7e-m+dp/hard\libg.a(lib_a-makebuf.o)
                0x0000000000408618                __smakebuf_r
 .text.__swhatbuf_r
                0x00000000004086f8       0x60 c:/workspace/tools/eclipse-embedcpp/xpack-arm-none-eabi-gcc-10.2.1-1.1/bin/../lib/gcc/arm-none-eabi/10.2.1/../../../../arm-none-eabi/lib/thumb/v7e-m+dp/hard\libg.a(lib_a-makebuf.o)
                0x00000000004086f8                __swhatbuf_r
 .text.malloc   0x0000000000408758       0x10 c:/workspace/tools/eclipse-embedcpp/xpack-arm-none-eabi-gcc-10.2.1-1.1/bin/../lib/gcc/arm-none-eabi/10.2.1/../../../../arm-none-eabi/lib/thumb/v7e-m+dp/hard\libg.a(lib_a-malloc.o)
                0x0000000000408758                malloc
 .text._malloc_r
                0x0000000000408768      0x560 c:/workspace/tools/eclipse-embedcpp/xpack-arm-none-eabi-gcc-10.2.1-1.1/bin/../lib/gcc/arm-none-eabi/10.2.1/../../../../arm-none-eabi/lib/thumb/v7e-m+dp/hard\libg.a(lib_a-mallocr.o)
                0x0000000000408768                _malloc_r
 .text.__ascii_mbtowc
                0x0000000000408cc8       0x2c c:/workspace/tools/eclipse-embedcpp/xpack-arm-none-eabi-gcc-10.2.1-1.1/bin/../lib/gcc/arm-none-eabi/10.2.1/../../../../arm-none-eabi/lib/thumb/v7e-m+dp/hard\libg.a(lib_a-mbtowc_r.o)
                0x0000000000408cc8                __ascii_mbtowc
 *fill*         0x0000000000408cf4        0xc 
 .text          0x0000000000408d00       0xa0 c:/workspace/tools/eclipse-embedcpp/xpack-arm-none-eabi-gcc-10.2.1-1.1/bin/../lib/gcc/arm-none-eabi/10.2.1/../../../../arm-none-eabi/lib/thumb/v7e-m+dp/hard\libg.a(lib_a-memchr.o)
                0x0000000000408d00                memchr
 .text.memmove  0x0000000000408da0       0xf8 c:/workspace/tools/eclipse-embedcpp/xpack-arm-none-eabi-gcc-10.2.1-1.1/bin/../lib/gcc/arm-none-eabi/10.2.1/../../../../arm-none-eabi/lib/thumb/v7e-m+dp/hard\libg.a(lib_a-memmove.o)
                0x0000000000408da0                memmove
 .text.__malloc_lock
                0x0000000000408e98        0xc c:/workspace/tools/eclipse-embedcpp/xpack-arm-none-eabi-gcc-10.2.1-1.1/bin/../lib/gcc/arm-none-eabi/10.2.1/../../../../arm-none-eabi/lib/thumb/v7e-m+dp/hard\libg.a(lib_a-mlock.o)
                0x0000000000408e98                __malloc_lock
 .text.__malloc_unlock
                0x0000000000408ea4        0xc c:/workspace/tools/eclipse-embedcpp/xpack-arm-none-eabi-gcc-10.2.1-1.1/bin/../lib/gcc/arm-none-eabi/10.2.1/../../../../arm-none-eabi/lib/thumb/v7e-m+dp/hard\libg.a(lib_a-mlock.o)
                0x0000000000408ea4                __malloc_unlock
 .text._Balloc  0x0000000000408eb0       0x4c c:/workspace/tools/eclipse-embedcpp/xpack-arm-none-eabi-gcc-10.2.1-1.1/bin/../lib/gcc/arm-none-eabi/10.2.1/../../../../arm-none-eabi/lib/thumb/v7e-m+dp/hard\libg.a(lib_a-mprec.o)
                0x0000000000408eb0                _Balloc
 .text._Bfree   0x0000000000408efc       0x14 c:/workspace/tools/eclipse-embedcpp/xpack-arm-none-eabi-gcc-10.2.1-1.1/bin/../lib/gcc/arm-none-eabi/10.2.1/../../../../arm-none-eabi/lib/thumb/v7e-m+dp/hard\libg.a(lib_a-mprec.o)
                0x0000000000408efc                _Bfree
 .text.__multadd
                0x0000000000408f10       0xa8 c:/workspace/tools/eclipse-embedcpp/xpack-arm-none-eabi-gcc-10.2.1-1.1/bin/../lib/gcc/arm-none-eabi/10.2.1/../../../../arm-none-eabi/lib/thumb/v7e-m+dp/hard\libg.a(lib_a-mprec.o)
                0x0000000000408f10                __multadd
 .text.__hi0bits
                0x0000000000408fb8       0x40 c:/workspace/tools/eclipse-embedcpp/xpack-arm-none-eabi-gcc-10.2.1-1.1/bin/../lib/gcc/arm-none-eabi/10.2.1/../../../../arm-none-eabi/lib/thumb/v7e-m+dp/hard\libg.a(lib_a-mprec.o)
                0x0000000000408fb8                __hi0bits
 .text.__lo0bits
                0x0000000000408ff8       0x60 c:/workspace/tools/eclipse-embedcpp/xpack-arm-none-eabi-gcc-10.2.1-1.1/bin/../lib/gcc/arm-none-eabi/10.2.1/../../../../arm-none-eabi/lib/thumb/v7e-m+dp/hard\libg.a(lib_a-mprec.o)
                0x0000000000408ff8                __lo0bits
 .text.__i2b    0x0000000000409058       0x5c c:/workspace/tools/eclipse-embedcpp/xpack-arm-none-eabi-gcc-10.2.1-1.1/bin/../lib/gcc/arm-none-eabi/10.2.1/../../../../arm-none-eabi/lib/thumb/v7e-m+dp/hard\libg.a(lib_a-mprec.o)
                0x0000000000409058                __i2b
 .text.__multiply
                0x00000000004090b4      0x158 c:/workspace/tools/eclipse-embedcpp/xpack-arm-none-eabi-gcc-10.2.1-1.1/bin/../lib/gcc/arm-none-eabi/10.2.1/../../../../arm-none-eabi/lib/thumb/v7e-m+dp/hard\libg.a(lib_a-mprec.o)
                0x00000000004090b4                __multiply
 .text.__pow5mult
                0x000000000040920c       0xc0 c:/workspace/tools/eclipse-embedcpp/xpack-arm-none-eabi-gcc-10.2.1-1.1/bin/../lib/gcc/arm-none-eabi/10.2.1/../../../../arm-none-eabi/lib/thumb/v7e-m+dp/hard\libg.a(lib_a-mprec.o)
                0x000000000040920c                __pow5mult
 .text.__lshift
                0x00000000004092cc       0xf0 c:/workspace/tools/eclipse-embedcpp/xpack-arm-none-eabi-gcc-10.2.1-1.1/bin/../lib/gcc/arm-none-eabi/10.2.1/../../../../arm-none-eabi/lib/thumb/v7e-m+dp/hard\libg.a(lib_a-mprec.o)
                0x00000000004092cc                __lshift
 .text.__mcmp   0x00000000004093bc       0x44 c:/workspace/tools/eclipse-embedcpp/xpack-arm-none-eabi-gcc-10.2.1-1.1/bin/../lib/gcc/arm-none-eabi/10.2.1/../../../../arm-none-eabi/lib/thumb/v7e-m+dp/hard\libg.a(lib_a-mprec.o)
                0x00000000004093bc                __mcmp
 .text.__mdiff  0x0000000000409400      0x14c c:/workspace/tools/eclipse-embedcpp/xpack-arm-none-eabi-gcc-10.2.1-1.1/bin/../lib/gcc/arm-none-eabi/10.2.1/../../../../arm-none-eabi/lib/thumb/v7e-m+dp/hard\libg.a(lib_a-mprec.o)
                0x0000000000409400                __mdiff
 .text.__d2b    0x000000000040954c       0xd0 c:/workspace/tools/eclipse-embedcpp/xpack-arm-none-eabi-gcc-10.2.1-1.1/bin/../lib/gcc/arm-none-eabi/10.2.1/../../../../arm-none-eabi/lib/thumb/v7e-m+dp/hard\libg.a(lib_a-mprec.o)
                0x000000000040954c                __d2b
 .text._realloc_r
                0x000000000040961c      0x3d8 c:/workspace/tools/eclipse-embedcpp/xpack-arm-none-eabi-gcc-10.2.1-1.1/bin/../lib/gcc/arm-none-eabi/10.2.1/../../../../arm-none-eabi/lib/thumb/v7e-m+dp/hard\libg.a(lib_a-reallocr.o)
                0x000000000040961c                _realloc_r
 .text._sbrk_r  0x00000000004099f4       0x24 c:/workspace/tools/eclipse-embedcpp/xpack-arm-none-eabi-gcc-10.2.1-1.1/bin/../lib/gcc/arm-none-eabi/10.2.1/../../../../arm-none-eabi/lib/thumb/v7e-m+dp/hard\libg.a(lib_a-sbrkr.o)
                0x00000000004099f4                _sbrk_r
 .text.frexp    0x0000000000409a18       0x78 c:/workspace/tools/eclipse-embedcpp/xpack-arm-none-eabi-gcc-10.2.1-1.1/bin/../lib/gcc/arm-none-eabi/10.2.1/../../../../arm-none-eabi/lib/thumb/v7e-m+dp/hard\libg.a(lib_a-s_frexp.o)
                0x0000000000409a18                frexp
 .text.__sread  0x0000000000409a90       0x24 c:/workspace/tools/eclipse-embedcpp/xpack-arm-none-eabi-gcc-10.2.1-1.1/bin/../lib/gcc/arm-none-eabi/10.2.1/../../../../arm-none-eabi/lib/thumb/v7e-m+dp/hard\libg.a(lib_a-stdio.o)
                0x0000000000409a90                __sread
 .text.__swrite
                0x0000000000409ab4       0x40 c:/workspace/tools/eclipse-embedcpp/xpack-arm-none-eabi-gcc-10.2.1-1.1/bin/../lib/gcc/arm-none-eabi/10.2.1/../../../../arm-none-eabi/lib/thumb/v7e-m+dp/hard\libg.a(lib_a-stdio.o)
                0x0000000000409ab4                __swrite
 .text.__sseek  0x0000000000409af4       0x20 c:/workspace/tools/eclipse-embedcpp/xpack-arm-none-eabi-gcc-10.2.1-1.1/bin/../lib/gcc/arm-none-eabi/10.2.1/../../../../arm-none-eabi/lib/thumb/v7e-m+dp/hard\libg.a(lib_a-stdio.o)
                0x0000000000409af4                __sseek
 .text.__sclose
                0x0000000000409b14        0x8 c:/workspace/tools/eclipse-embedcpp/xpack-arm-none-eabi-gcc-10.2.1-1.1/bin/../lib/gcc/arm-none-eabi/10.2.1/../../../../arm-none-eabi/lib/thumb/v7e-m+dp/hard\libg.a(lib_a-stdio.o)
                0x0000000000409b14                __sclose
 .text.strncpy  0x0000000000409b1c       0x64 c:/workspace/tools/eclipse-embedcpp/xpack-arm-none-eabi-gcc-10.2.1-1.1/bin/../lib/gcc/arm-none-eabi/10.2.1/../../../../arm-none-eabi/lib/thumb/v7e-m+dp/hard\libg.a(lib_a-strncpy.o)
                0x0000000000409b1c                strncpy
 .text.__sprint_r.part.0
                0x0000000000409b80       0x78 c:/workspace/tools/eclipse-embedcpp/xpack-arm-none-eabi-gcc-10.2.1-1.1/bin/../lib/gcc/arm-none-eabi/10.2.1/../../../../arm-none-eabi/lib/thumb/v7e-m+dp/hard\libg.a(lib_a-vfiprintf.o)
 .text.__sprint_r
                0x0000000000409bf8       0x18 c:/workspace/tools/eclipse-embedcpp/xpack-arm-none-eabi-gcc-10.2.1-1.1/bin/../lib/gcc/arm-none-eabi/10.2.1/../../../../arm-none-eabi/lib/thumb/v7e-m+dp/hard\libg.a(lib_a-vfiprintf.o)
                0x0000000000409bf8                __sprint_r
 .text._vfiprintf_r
                0x0000000000409c10      0xdf4 c:/workspace/tools/eclipse-embedcpp/xpack-arm-none-eabi-gcc-10.2.1-1.1/bin/../lib/gcc/arm-none-eabi/10.2.1/../../../../arm-none-eabi/lib/thumb/v7e-m+dp/hard\libg.a(lib_a-vfiprintf.o)
                0x0000000000409c10                _vfiprintf_r
 .text.__sbprintf
                0x000000000040aa04       0x80 c:/workspace/tools/eclipse-embedcpp/xpack-arm-none-eabi-gcc-10.2.1-1.1/bin/../lib/gcc/arm-none-eabi/10.2.1/../../../../arm-none-eabi/lib/thumb/v7e-m+dp/hard\libg.a(lib_a-vfiprintf.o)
 .text.__ascii_wctomb
                0x000000000040aa84       0x1c c:/workspace/tools/eclipse-embedcpp/xpack-arm-none-eabi-gcc-10.2.1-1.1/bin/../lib/gcc/arm-none-eabi/10.2.1/../../../../arm-none-eabi/lib/thumb/v7e-m+dp/hard\libg.a(lib_a-wctomb_r.o)
                0x000000000040aa84                __ascii_wctomb
 .text._write_r
                0x000000000040aaa0       0x2c c:/workspace/tools/eclipse-embedcpp/xpack-arm-none-eabi-gcc-10.2.1-1.1/bin/../lib/gcc/arm-none-eabi/10.2.1/../../../../arm-none-eabi/lib/thumb/v7e-m+dp/hard\libg.a(lib_a-writer.o)
                0x000000000040aaa0                _write_r
 .text.__assert_func
                0x000000000040aacc       0x40 c:/workspace/tools/eclipse-embedcpp/xpack-arm-none-eabi-gcc-10.2.1-1.1/bin/../lib/gcc/arm-none-eabi/10.2.1/../../../../arm-none-eabi/lib/thumb/v7e-m+dp/hard\libg.a(lib_a-assert.o)
                0x000000000040aacc                __assert_func
 .text.atexit   0x000000000040ab0c        0xc c:/workspace/tools/eclipse-embedcpp/xpack-arm-none-eabi-gcc-10.2.1-1.1/bin/../lib/gcc/arm-none-eabi/10.2.1/../../../../arm-none-eabi/lib/thumb/v7e-m+dp/hard\libg.a(lib_a-atexit.o)
                0x000000000040ab0c                atexit
 .text._calloc_r
                0x000000000040ab18       0x60 c:/workspace/tools/eclipse-embedcpp/xpack-arm-none-eabi-gcc-10.2.1-1.1/bin/../lib/gcc/arm-none-eabi/10.2.1/../../../../arm-none-eabi/lib/thumb/v7e-m+dp/hard\libg.a(lib_a-callocr.o)
                0x000000000040ab18                _calloc_r
 .text._close_r
                0x000000000040ab78       0x24 c:/workspace/tools/eclipse-embedcpp/xpack-arm-none-eabi-gcc-10.2.1-1.1/bin/../lib/gcc/arm-none-eabi/10.2.1/../../../../arm-none-eabi/lib/thumb/v7e-m+dp/hard\libg.a(lib_a-closer.o)
                0x000000000040ab78                _close_r
 .text._fclose_r
                0x000000000040ab9c       0xcc c:/workspace/tools/eclipse-embedcpp/xpack-arm-none-eabi-gcc-10.2.1-1.1/bin/../lib/gcc/arm-none-eabi/10.2.1/../../../../arm-none-eabi/lib/thumb/v7e-m+dp/hard\libg.a(lib_a-fclose.o)
                0x000000000040ab9c                _fclose_r
 .text.fiprintf
                0x000000000040ac68       0x28 c:/workspace/tools/eclipse-embedcpp/xpack-arm-none-eabi-gcc-10.2.1-1.1/bin/../lib/gcc/arm-none-eabi/10.2.1/../../../../arm-none-eabi/lib/thumb/v7e-m+dp/hard\libg.a(lib_a-fiprintf.o)
                0x000000000040ac68                fiprintf
 .text.__fputwc
                0x000000000040ac90       0xa8 c:/workspace/tools/eclipse-embedcpp/xpack-arm-none-eabi-gcc-10.2.1-1.1/bin/../lib/gcc/arm-none-eabi/10.2.1/../../../../arm-none-eabi/lib/thumb/v7e-m+dp/hard\libg.a(lib_a-fputwc.o)
                0x000000000040ac90                __fputwc
 .text._fputwc_r
                0x000000000040ad38       0x68 c:/workspace/tools/eclipse-embedcpp/xpack-arm-none-eabi-gcc-10.2.1-1.1/bin/../lib/gcc/arm-none-eabi/10.2.1/../../../../arm-none-eabi/lib/thumb/v7e-m+dp/hard\libg.a(lib_a-fputwc.o)
                0x000000000040ad38                _fputwc_r
 .text._fstat_r
                0x000000000040ada0       0x2c c:/workspace/tools/eclipse-embedcpp/xpack-arm-none-eabi-gcc-10.2.1-1.1/bin/../lib/gcc/arm-none-eabi/10.2.1/../../../../arm-none-eabi/lib/thumb/v7e-m+dp/hard\libg.a(lib_a-fstatr.o)
                0x000000000040ada0                _fstat_r
 .text._isatty_r
                0x000000000040adcc       0x24 c:/workspace/tools/eclipse-embedcpp/xpack-arm-none-eabi-gcc-10.2.1-1.1/bin/../lib/gcc/arm-none-eabi/10.2.1/../../../../arm-none-eabi/lib/thumb/v7e-m+dp/hard\libg.a(lib_a-isattyr.o)
                0x000000000040adcc                _isatty_r
 .text._lseek_r
                0x000000000040adf0       0x2c c:/workspace/tools/eclipse-embedcpp/xpack-arm-none-eabi-gcc-10.2.1-1.1/bin/../lib/gcc/arm-none-eabi/10.2.1/../../../../arm-none-eabi/lib/thumb/v7e-m+dp/hard\libg.a(lib_a-lseekr.o)
                0x000000000040adf0                _lseek_r
 .text._read_r  0x000000000040ae1c       0x2c c:/workspace/tools/eclipse-embedcpp/xpack-arm-none-eabi-gcc-10.2.1-1.1/bin/../lib/gcc/arm-none-eabi/10.2.1/../../../../arm-none-eabi/lib/thumb/v7e-m+dp/hard\libg.a(lib_a-readr.o)
                0x000000000040ae1c                _read_r
 .text.__swbuf_r
                0x000000000040ae48       0xb0 c:/workspace/tools/eclipse-embedcpp/xpack-arm-none-eabi-gcc-10.2.1-1.1/bin/../lib/gcc/arm-none-eabi/10.2.1/../../../../arm-none-eabi/lib/thumb/v7e-m+dp/hard\libg.a(lib_a-wbuf.o)
                0x000000000040ae48                __swbuf_r
 .text._wcrtomb_r
                0x000000000040aef8       0x3c c:/workspace/tools/eclipse-embedcpp/xpack-arm-none-eabi-gcc-10.2.1-1.1/bin/../lib/gcc/arm-none-eabi/10.2.1/../../../../arm-none-eabi/lib/thumb/v7e-m+dp/hard\libg.a(lib_a-wcrtomb.o)
                0x000000000040aef8                _wcrtomb_r
 .text.__register_exitproc
                0x000000000040af34       0x8c c:/workspace/tools/eclipse-embedcpp/xpack-arm-none-eabi-gcc-10.2.1-1.1/bin/../lib/gcc/arm-none-eabi/10.2.1/../../../../arm-none-eabi/lib/thumb/v7e-m+dp/hard\libg.a(lib_a-__atexit.o)
                0x000000000040af34                __register_exitproc
 *(.glue_7t)
 .glue_7t       0x000000000040afc0        0x0 linker stubs
 *(.glue_7)
 .glue_7        0x000000000040afc0        0x0 linker stubs
 *(.rodata .rodata* .gnu.linkonce.r.*)
 .rodata.OSCfg_ISRStkBasePtr
                0x000000000040afc0        0x4 ./uC-OS3/uCOS-III/Source/os_cfg_app.o
                0x000000000040afc0                OSCfg_ISRStkBasePtr
 .rodata.OSCfg_ISRStkSize
                0x000000000040afc4        0x4 ./uC-OS3/uCOS-III/Source/os_cfg_app.o
                0x000000000040afc4                OSCfg_ISRStkSize
 .rodata.OSCfg_IdleTaskStkBasePtr
                0x000000000040afc8        0x4 ./uC-OS3/uCOS-III/Source/os_cfg_app.o
                0x000000000040afc8                OSCfg_IdleTaskStkBasePtr
 .rodata.OSCfg_IdleTaskStkLimit
                0x000000000040afcc        0x4 ./uC-OS3/uCOS-III/Source/os_cfg_app.o
                0x000000000040afcc                OSCfg_IdleTaskStkLimit
 .rodata.OSCfg_IdleTaskStkSize
                0x000000000040afd0        0x4 ./uC-OS3/uCOS-III/Source/os_cfg_app.o
                0x000000000040afd0                OSCfg_IdleTaskStkSize
 .rodata.OSCfg_MsgPoolBasePtr
                0x000000000040afd4        0x4 ./uC-OS3/uCOS-III/Source/os_cfg_app.o
                0x000000000040afd4                OSCfg_MsgPoolBasePtr
 .rodata.OSCfg_MsgPoolSize
                0x000000000040afd8        0x2 ./uC-OS3/uCOS-III/Source/os_cfg_app.o
                0x000000000040afd8                OSCfg_MsgPoolSize
 .rodata.OSCfg_StatTaskPrio
                0x000000000040afda        0x1 ./uC-OS3/uCOS-III/Source/os_cfg_app.o
                0x000000000040afda                OSCfg_StatTaskPrio
 *fill*         0x000000000040afdb        0x1 
 .rodata.OSCfg_StatTaskRate_Hz
                0x000000000040afdc        0x4 ./uC-OS3/uCOS-III/Source/os_cfg_app.o
                0x000000000040afdc                OSCfg_StatTaskRate_Hz
 .rodata.OSCfg_StatTaskStkBasePtr
                0x000000000040afe0        0x4 ./uC-OS3/uCOS-III/Source/os_cfg_app.o
                0x000000000040afe0                OSCfg_StatTaskStkBasePtr
 .rodata.OSCfg_StatTaskStkLimit
                0x000000000040afe4        0x4 ./uC-OS3/uCOS-III/Source/os_cfg_app.o
                0x000000000040afe4                OSCfg_StatTaskStkLimit
 .rodata.OSCfg_StatTaskStkSize
                0x000000000040afe8        0x4 ./uC-OS3/uCOS-III/Source/os_cfg_app.o
                0x000000000040afe8                OSCfg_StatTaskStkSize
 .rodata.OSCfg_StkSizeMin
                0x000000000040afec        0x4 ./uC-OS3/uCOS-III/Source/os_cfg_app.o
                0x000000000040afec                OSCfg_StkSizeMin
 .rodata.OSCfg_TickRate_Hz
                0x000000000040aff0        0x4 ./uC-OS3/uCOS-III/Source/os_cfg_app.o
                0x000000000040aff0                OSCfg_TickRate_Hz
 .rodata.OSCfg_TmrTaskPrio
                0x000000000040aff4        0x1 ./uC-OS3/uCOS-III/Source/os_cfg_app.o
                0x000000000040aff4                OSCfg_TmrTaskPrio
 *fill*         0x000000000040aff5        0x3 
 .rodata.OSCfg_TmrTaskRate_Hz
                0x000000000040aff8        0x4 ./uC-OS3/uCOS-III/Source/os_cfg_app.o
                0x000000000040aff8                OSCfg_TmrTaskRate_Hz
 .rodata.OSCfg_TmrTaskStkBasePtr
                0x000000000040affc        0x4 ./uC-OS3/uCOS-III/Source/os_cfg_app.o
                0x000000000040affc                OSCfg_TmrTaskStkBasePtr
 .rodata.OSCfg_TmrTaskStkLimit
                0x000000000040b000        0x4 ./uC-OS3/uCOS-III/Source/os_cfg_app.o
                0x000000000040b000                OSCfg_TmrTaskStkLimit
 .rodata.OSCfg_TmrTaskStkSize
                0x000000000040b004        0x4 ./uC-OS3/uCOS-III/Source/os_cfg_app.o
                0x000000000040b004                OSCfg_TmrTaskStkSize
 .rodata.Mem_Init.str1.4
                0x000000000040b008        0x5 ./uC-OS3/uC-LIB/lib_mem.o
 *fill*         0x000000000040b00d        0x3 
 .rodata._cfgs  0x000000000040b010       0xc0 ./hpl/xdmac/hpl_xdmac.o
 .rodata._usarts
                0x000000000040b0d0        0xc ./hpl/usart/hpl_usart.o
 .rodata._i2cm_sync_cfgs
                0x000000000040b0dc       0x18 ./hpl/twihs/hpl_twihs.o
 .rodata._exit.str1.4
                0x000000000040b0f4       0x19 ./hal/utils/src/utils_syscalls.o
 *fill*         0x000000000040b10d        0x3 
 .rodata.main.str1.4
                0x000000000040b110       0x2d ./main.o
 *fill*         0x000000000040b13d        0x3 
 .rodata.led_thread_entry.str1.4
                0x000000000040b140        0xe ./rtos_start.o
 *fill*         0x000000000040b14e        0x2 
 .rodata.uCos3_V308X_start.str1.4
                0x000000000040b150       0x5b ./rtos_start.o
 *fill*         0x000000000040b1ab        0x1 
 .rodata._global_impure_ptr
                0x000000000040b1ac        0x4 c:/workspace/tools/eclipse-embedcpp/xpack-arm-none-eabi-gcc-10.2.1-1.1/bin/../lib/gcc/arm-none-eabi/10.2.1/../../../../arm-none-eabi/lib/thumb/v7e-m+dp/hard\libg.a(lib_a-impure.o)
                0x000000000040b1ac                _global_impure_ptr
 .rodata._puts_r.str1.4
                0x000000000040b1b0        0x2 c:/workspace/tools/eclipse-embedcpp/xpack-arm-none-eabi-gcc-10.2.1-1.1/bin/../lib/gcc/arm-none-eabi/10.2.1/../../../../arm-none-eabi/lib/thumb/v7e-m+dp/hard\libg.a(lib_a-puts.o)
 *fill*         0x000000000040b1b2        0x2 
 .rodata._vfprintf_r.str1.4
                0x000000000040b1b4       0x42 c:/workspace/tools/eclipse-embedcpp/xpack-arm-none-eabi-gcc-10.2.1-1.1/bin/../lib/gcc/arm-none-eabi/10.2.1/../../../../arm-none-eabi/lib/thumb/v7e-m+dp/hard\libg.a(lib_a-vfprintf.o)
 *fill*         0x000000000040b1f6        0x2 
 .rodata.blanks.1
                0x000000000040b1f8       0x10 c:/workspace/tools/eclipse-embedcpp/xpack-arm-none-eabi-gcc-10.2.1-1.1/bin/../lib/gcc/arm-none-eabi/10.2.1/../../../../arm-none-eabi/lib/thumb/v7e-m+dp/hard\libg.a(lib_a-vfprintf.o)
 .rodata.zeroes.0
                0x000000000040b208       0x10 c:/workspace/tools/eclipse-embedcpp/xpack-arm-none-eabi-gcc-10.2.1-1.1/bin/../lib/gcc/arm-none-eabi/10.2.1/../../../../arm-none-eabi/lib/thumb/v7e-m+dp/hard\libg.a(lib_a-vfprintf.o)
 .rodata._dtoa_r.str1.4
                0x000000000040b218       0x7e c:/workspace/tools/eclipse-embedcpp/xpack-arm-none-eabi-gcc-10.2.1-1.1/bin/../lib/gcc/arm-none-eabi/10.2.1/../../../../arm-none-eabi/lib/thumb/v7e-m+dp/hard\libg.a(lib_a-dtoa.o)
                                         0x82 (size before relaxing)
 *fill*         0x000000000040b296        0x2 
 .rodata._setlocale_r.str1.4
                0x000000000040b298        0xa c:/workspace/tools/eclipse-embedcpp/xpack-arm-none-eabi-gcc-10.2.1-1.1/bin/../lib/gcc/arm-none-eabi/10.2.1/../../../../arm-none-eabi/lib/thumb/v7e-m+dp/hard\libg.a(lib_a-locale.o)
                                          0xd (size before relaxing)
 *fill*         0x000000000040b2a2        0x2 
 .rodata.str1.4
                0x000000000040b2a4        0x2 c:/workspace/tools/eclipse-embedcpp/xpack-arm-none-eabi-gcc-10.2.1-1.1/bin/../lib/gcc/arm-none-eabi/10.2.1/../../../../arm-none-eabi/lib/thumb/v7e-m+dp/hard\libg.a(lib_a-locale.o)
 *fill*         0x000000000040b2a6        0x2 
 .rodata.__multadd.str1.4
                0x000000000040b2a8       0x5b c:/workspace/tools/eclipse-embedcpp/xpack-arm-none-eabi-gcc-10.2.1-1.1/bin/../lib/gcc/arm-none-eabi/10.2.1/../../../../arm-none-eabi/lib/thumb/v7e-m+dp/hard\libg.a(lib_a-mprec.o)
                                         0x6f (size before relaxing)
 *fill*         0x000000000040b303        0x5 
 .rodata.__mprec_bigtens
                0x000000000040b308       0x28 c:/workspace/tools/eclipse-embedcpp/xpack-arm-none-eabi-gcc-10.2.1-1.1/bin/../lib/gcc/arm-none-eabi/10.2.1/../../../../arm-none-eabi/lib/thumb/v7e-m+dp/hard\libg.a(lib_a-mprec.o)
                0x000000000040b308                __mprec_bigtens
 .rodata.__mprec_tens
                0x000000000040b330       0xc8 c:/workspace/tools/eclipse-embedcpp/xpack-arm-none-eabi-gcc-10.2.1-1.1/bin/../lib/gcc/arm-none-eabi/10.2.1/../../../../arm-none-eabi/lib/thumb/v7e-m+dp/hard\libg.a(lib_a-mprec.o)
                0x000000000040b330                __mprec_tens
 .rodata.p05.0  0x000000000040b3f8        0xc c:/workspace/tools/eclipse-embedcpp/xpack-arm-none-eabi-gcc-10.2.1-1.1/bin/../lib/gcc/arm-none-eabi/10.2.1/../../../../arm-none-eabi/lib/thumb/v7e-m+dp/hard\libg.a(lib_a-mprec.o)
 .rodata._vfiprintf_r.str1.4
                0x000000000040b404       0x2f c:/workspace/tools/eclipse-embedcpp/xpack-arm-none-eabi-gcc-10.2.1-1.1/bin/../lib/gcc/arm-none-eabi/10.2.1/../../../../arm-none-eabi/lib/thumb/v7e-m+dp/hard\libg.a(lib_a-vfiprintf.o)
 .rodata.blanks.1
                0x000000000040b404       0x10 c:/workspace/tools/eclipse-embedcpp/xpack-arm-none-eabi-gcc-10.2.1-1.1/bin/../lib/gcc/arm-none-eabi/10.2.1/../../../../arm-none-eabi/lib/thumb/v7e-m+dp/hard\libg.a(lib_a-vfiprintf.o)
 .rodata.zeroes.0
                0x000000000040b414       0x10 c:/workspace/tools/eclipse-embedcpp/xpack-arm-none-eabi-gcc-10.2.1-1.1/bin/../lib/gcc/arm-none-eabi/10.2.1/../../../../arm-none-eabi/lib/thumb/v7e-m+dp/hard\libg.a(lib_a-vfiprintf.o)
 .rodata.__assert_func.str1.4
                0x000000000040b424       0x3f c:/workspace/tools/eclipse-embedcpp/xpack-arm-none-eabi-gcc-10.2.1-1.1/bin/../lib/gcc/arm-none-eabi/10.2.1/../../../../arm-none-eabi/lib/thumb/v7e-m+dp/hard\libg.a(lib_a-assert.o)
                                         0x43 (size before relaxing)
 *fill*         0x000000000040b463        0x1 
 .rodata._ctype_
                0x000000000040b464      0x101 c:/workspace/tools/eclipse-embedcpp/xpack-arm-none-eabi-gcc-10.2.1-1.1/bin/../lib/gcc/arm-none-eabi/10.2.1/../../../../arm-none-eabi/lib/thumb/v7e-m+dp/hard\libg.a(lib_a-ctype_.o)
                0x000000000040b464                _ctype_
 *(.ARM.extab* .gnu.linkonce.armextab.*)
 *fill*         0x000000000040b565        0x3 
 .ARM.extab.text.main
                0x000000000040b568        0xc ./main.o
 .ARM.extab.text.abort
                0x000000000040b574        0xc c:/workspace/tools/eclipse-embedcpp/xpack-arm-none-eabi-gcc-10.2.1-1.1/bin/../lib/gcc/arm-none-eabi/10.2.1/../../../../arm-none-eabi/lib/thumb/v7e-m+dp/hard\libg.a(lib_a-abort.o)
 .ARM.extab.text.printf
                0x000000000040b580        0xc c:/workspace/tools/eclipse-embedcpp/xpack-arm-none-eabi-gcc-10.2.1-1.1/bin/../lib/gcc/arm-none-eabi/10.2.1/../../../../arm-none-eabi/lib/thumb/v7e-m+dp/hard\libg.a(lib_a-printf.o)
 .ARM.extab.text._vfprintf_r
                0x000000000040b58c        0xc c:/workspace/tools/eclipse-embedcpp/xpack-arm-none-eabi-gcc-10.2.1-1.1/bin/../lib/gcc/arm-none-eabi/10.2.1/../../../../arm-none-eabi/lib/thumb/v7e-m+dp/hard\libg.a(lib_a-vfprintf.o)
 .ARM.extab.text.__sbprintf
                0x000000000040b598        0xc c:/workspace/tools/eclipse-embedcpp/xpack-arm-none-eabi-gcc-10.2.1-1.1/bin/../lib/gcc/arm-none-eabi/10.2.1/../../../../arm-none-eabi/lib/thumb/v7e-m+dp/hard\libg.a(lib_a-vfprintf.o)
 .ARM.extab.text._dtoa_r
                0x000000000040b5a4        0xc c:/workspace/tools/eclipse-embedcpp/xpack-arm-none-eabi-gcc-10.2.1-1.1/bin/../lib/gcc/arm-none-eabi/10.2.1/../../../../arm-none-eabi/lib/thumb/v7e-m+dp/hard\libg.a(lib_a-dtoa.o)
 .ARM.extab.text._vfiprintf_r
                0x000000000040b5b0        0xc c:/workspace/tools/eclipse-embedcpp/xpack-arm-none-eabi-gcc-10.2.1-1.1/bin/../lib/gcc/arm-none-eabi/10.2.1/../../../../arm-none-eabi/lib/thumb/v7e-m+dp/hard\libg.a(lib_a-vfiprintf.o)
 .ARM.extab.text.__sbprintf
                0x000000000040b5bc        0xc c:/workspace/tools/eclipse-embedcpp/xpack-arm-none-eabi-gcc-10.2.1-1.1/bin/../lib/gcc/arm-none-eabi/10.2.1/../../../../arm-none-eabi/lib/thumb/v7e-m+dp/hard\libg.a(lib_a-vfiprintf.o)
 .ARM.extab.text.fiprintf
                0x000000000040b5c8        0xc c:/workspace/tools/eclipse-embedcpp/xpack-arm-none-eabi-gcc-10.2.1-1.1/bin/../lib/gcc/arm-none-eabi/10.2.1/../../../../arm-none-eabi/lib/thumb/v7e-m+dp/hard\libg.a(lib_a-fiprintf.o)
                0x000000000040b5d4                . = ALIGN (0x4)
 *(.init)
 .init          0x000000000040b5d4        0x4 c:/workspace/tools/eclipse-embedcpp/xpack-arm-none-eabi-gcc-10.2.1-1.1/bin/../lib/gcc/arm-none-eabi/10.2.1/thumb/v7e-m+dp/hard/crti.o
                0x000000000040b5d4                _init
 .init          0x000000000040b5d8        0x8 c:/workspace/tools/eclipse-embedcpp/xpack-arm-none-eabi-gcc-10.2.1-1.1/bin/../lib/gcc/arm-none-eabi/10.2.1/thumb/v7e-m+dp/hard/crtn.o
                0x000000000040b5e0                . = ALIGN (0x4)
                0x000000000040b5e0                __preinit_array_start = .
 *(.preinit_array)
                0x000000000040b5e0                __preinit_array_end = .
                0x000000000040b5e0                . = ALIGN (0x4)
                0x000000000040b5e0                __init_array_start = .
 *(SORT_BY_NAME(.init_array.*))
 .init_array.00000
                0x000000000040b5e0        0x4 c:/workspace/tools/eclipse-embedcpp/xpack-arm-none-eabi-gcc-10.2.1-1.1/bin/../lib/gcc/arm-none-eabi/10.2.1/../../../../arm-none-eabi/lib/thumb/v7e-m+dp/hard\libg.a(lib_a-__call_atexit.o)
 *(.init_array)
 .init_array    0x000000000040b5e4        0x4 c:/workspace/tools/eclipse-embedcpp/xpack-arm-none-eabi-gcc-10.2.1-1.1/bin/../lib/gcc/arm-none-eabi/10.2.1/thumb/v7e-m+dp/hard/crtbegin.o
                0x000000000040b5e8                __init_array_end = .
                0x000000000040b5e8                . = ALIGN (0x4)
 *crtbegin.o(.ctors)
 *(EXCLUDE_FILE(*crtend.o) .ctors)
 *(SORT_BY_NAME(.ctors.*))
 *crtend.o(.ctors)
                0x000000000040b5e8                . = ALIGN (0x4)
 *(.fini)
 .fini          0x000000000040b5e8        0x4 c:/workspace/tools/eclipse-embedcpp/xpack-arm-none-eabi-gcc-10.2.1-1.1/bin/../lib/gcc/arm-none-eabi/10.2.1/thumb/v7e-m+dp/hard/crti.o
                0x000000000040b5e8                _fini
 .fini          0x000000000040b5ec        0x8 c:/workspace/tools/eclipse-embedcpp/xpack-arm-none-eabi-gcc-10.2.1-1.1/bin/../lib/gcc/arm-none-eabi/10.2.1/thumb/v7e-m+dp/hard/crtn.o
                0x000000000040b5f4                . = ALIGN (0x4)
                0x000000000040b5f4                __fini_array_start = .
 *(.fini_array)
 .fini_array    0x000000000040b5f4        0x4 c:/workspace/tools/eclipse-embedcpp/xpack-arm-none-eabi-gcc-10.2.1-1.1/bin/../lib/gcc/arm-none-eabi/10.2.1/thumb/v7e-m+dp/hard/crtbegin.o
 *(SORT_BY_NAME(.fini_array.*))
                0x000000000040b5f8                __fini_array_end = .
 *crtbegin.o(.dtors)
 *(EXCLUDE_FILE(*crtend.o) .dtors)
 *(SORT_BY_NAME(.dtors.*))
 *crtend.o(.dtors)
                0x000000000040b5f8                . = ALIGN (0x4)
                0x000000000040b5f8                _efixed = .
                0x000000000040b5f8                PROVIDE (__exidx_start = .)

.vfp11_veneer   0x000000000040b5f8        0x0
 .vfp11_veneer  0x000000000040b5f8        0x0 linker stubs

.v4_bx          0x000000000040b5f8        0x0
 .v4_bx         0x000000000040b5f8        0x0 linker stubs

.iplt           0x000000000040b5f8        0x0
 .iplt          0x000000000040b5f8        0x0 c:/workspace/tools/eclipse-embedcpp/xpack-arm-none-eabi-gcc-10.2.1-1.1/bin/../lib/gcc/arm-none-eabi/10.2.1/thumb/v7e-m+dp/hard/crtbegin.o

.igot.plt       0x000000000040b5f8        0x0
 .igot.plt      0x000000000040b5f8        0x0 c:/workspace/tools/eclipse-embedcpp/xpack-arm-none-eabi-gcc-10.2.1-1.1/bin/../lib/gcc/arm-none-eabi/10.2.1/thumb/v7e-m+dp/hard/crtbegin.o

.ARM.exidx      0x000000000040b5f8      0x2b8
 *(.ARM.exidx* .gnu.linkonce.armexidx.*)
 .ARM.exidx.text.main
                0x000000000040b5f8       0x10 ./main.o
                                          0x8 (size before relaxing)
 .ARM.exidx.text.__udivmoddi4
                0x000000000040b608        0x0 c:/workspace/tools/eclipse-embedcpp/xpack-arm-none-eabi-gcc-10.2.1-1.1/bin/../lib/gcc/arm-none-eabi/10.2.1/thumb/v7e-m+dp/hard\libgcc.a(_udivmoddi4.o)
                                          0x8 (size before relaxing)
 .ARM.exidx.text.selfrel_offset31
                0x000000000040b608        0x0 c:/workspace/tools/eclipse-embedcpp/xpack-arm-none-eabi-gcc-10.2.1-1.1/bin/../lib/gcc/arm-none-eabi/10.2.1/thumb/v7e-m+dp/hard\libgcc.a(unwind-arm.o)
                                          0x8 (size before relaxing)
 .ARM.exidx.text.search_EIT_table
                0x000000000040b608        0x0 c:/workspace/tools/eclipse-embedcpp/xpack-arm-none-eabi-gcc-10.2.1-1.1/bin/../lib/gcc/arm-none-eabi/10.2.1/thumb/v7e-m+dp/hard\libgcc.a(unwind-arm.o)
                                          0x8 (size before relaxing)
 .ARM.exidx.text.__gnu_unwind_get_pr_addr
                0x000000000040b608        0x0 c:/workspace/tools/eclipse-embedcpp/xpack-arm-none-eabi-gcc-10.2.1-1.1/bin/../lib/gcc/arm-none-eabi/10.2.1/thumb/v7e-m+dp/hard\libgcc.a(unwind-arm.o)
                                          0x8 (size before relaxing)
 .ARM.exidx.text.get_eit_entry
                0x000000000040b608        0x8 c:/workspace/tools/eclipse-embedcpp/xpack-arm-none-eabi-gcc-10.2.1-1.1/bin/../lib/gcc/arm-none-eabi/10.2.1/thumb/v7e-m+dp/hard\libgcc.a(unwind-arm.o)
 .ARM.exidx.text.restore_non_core_regs
                0x000000000040b610        0x8 c:/workspace/tools/eclipse-embedcpp/xpack-arm-none-eabi-gcc-10.2.1-1.1/bin/../lib/gcc/arm-none-eabi/10.2.1/thumb/v7e-m+dp/hard\libgcc.a(unwind-arm.o)
 .ARM.exidx.text._Unwind_decode_typeinfo_ptr.constprop.0
                0x000000000040b618        0x8 c:/workspace/tools/eclipse-embedcpp/xpack-arm-none-eabi-gcc-10.2.1-1.1/bin/../lib/gcc/arm-none-eabi/10.2.1/thumb/v7e-m+dp/hard\libgcc.a(unwind-arm.o)
 .ARM.exidx.text._Unwind_DebugHook
                0x000000000040b620        0x0 c:/workspace/tools/eclipse-embedcpp/xpack-arm-none-eabi-gcc-10.2.1-1.1/bin/../lib/gcc/arm-none-eabi/10.2.1/thumb/v7e-m+dp/hard\libgcc.a(unwind-arm.o)
                                          0x8 (size before relaxing)
 .ARM.exidx.text.unwind_phase2
                0x000000000040b620        0x8 c:/workspace/tools/eclipse-embedcpp/xpack-arm-none-eabi-gcc-10.2.1-1.1/bin/../lib/gcc/arm-none-eabi/10.2.1/thumb/v7e-m+dp/hard\libgcc.a(unwind-arm.o)
 .ARM.exidx.text.unwind_phase2_forced
                0x000000000040b628        0x8 c:/workspace/tools/eclipse-embedcpp/xpack-arm-none-eabi-gcc-10.2.1-1.1/bin/../lib/gcc/arm-none-eabi/10.2.1/thumb/v7e-m+dp/hard\libgcc.a(unwind-arm.o)
 .ARM.exidx.text.__gnu_Unwind_RaiseException